Analysis & Synthesis report for DATAPATH
Mon May 25 07:10:29 2020
Quartus Prime Version 19.1.0 Build 670 09/22/2019 SJ Lite Edition


---------------------
; Table of Contents ;
---------------------
  1. Legal Notice
  2. Analysis & Synthesis Summary
  3. Analysis & Synthesis Settings
  4. Parallel Compilation
  5. Analysis & Synthesis Source Files Read
  6. Analysis & Synthesis Resource Usage Summary
  7. Analysis & Synthesis Resource Utilization by Entity
  8. Registers Removed During Synthesis
  9. Removed Registers Triggering Further Register Optimizations
 10. General Register Statistics
 11. Analysis & Synthesis Messages
 12. Analysis & Synthesis Suppressed Messages



----------------
; Legal Notice ;
----------------
Copyright (C) 2019  Intel Corporation. All rights reserved.
Your use of Intel Corporation's design tools, logic functions 
and other software and tools, and any partner logic 
functions, and any output files from any of the foregoing 
(including device programming or simulation files), and any 
associated documentation or information are expressly subject 
to the terms and conditions of the Intel Program License 
Subscription Agreement, the Intel Quartus Prime License Agreement,
the Intel FPGA IP License Agreement, or other applicable license
agreement, including, without limitation, that your use is for
the sole purpose of programming logic devices manufactured by
Intel and sold by Intel or its authorized distributors.  Please
refer to the applicable agreement for further details, at
https://fpgasoftware.intel.com/eula.



+---------------------------------------------------------------------------+
; Analysis & Synthesis Summary                                              ;
+-----------------------------+---------------------------------------------+
; Analysis & Synthesis Status ; Successful - Mon May 25 07:10:29 2020       ;
; Quartus Prime Version       ; 19.1.0 Build 670 09/22/2019 SJ Lite Edition ;
; Revision Name               ; DATAPATH                                    ;
; Top-level Entity Name       ; DATAPATH                                    ;
; Family                      ; MAX V                                       ;
; Total logic elements        ; 89                                          ;
; Total pins                  ; 98                                          ;
; Total virtual pins          ; 0                                           ;
; UFM blocks                  ; 0 / 1 ( 0 % )                               ;
+-----------------------------+---------------------------------------------+


+------------------------------------------------------------------------------------------------------------+
; Analysis & Synthesis Settings                                                                              ;
+------------------------------------------------------------------+--------------------+--------------------+
; Option                                                           ; Setting            ; Default Value      ;
+------------------------------------------------------------------+--------------------+--------------------+
; Top-level entity name                                            ; DATAPATH           ; DATAPATH           ;
; Family name                                                      ; MAX V              ; Cyclone V          ;
; Use smart compilation                                            ; Off                ; Off                ;
; Enable parallel Assembler and Timing Analyzer during compilation ; On                 ; On                 ;
; Enable compact report table                                      ; Off                ; Off                ;
; Restructure Multiplexers                                         ; Auto               ; Auto               ;
; Create Debugging Nodes for IP Cores                              ; Off                ; Off                ;
; Preserve fewer node names                                        ; On                 ; On                 ;
; Intel FPGA IP Evaluation Mode                                    ; Enable             ; Enable             ;
; Verilog Version                                                  ; Verilog_2001       ; Verilog_2001       ;
; VHDL Version                                                     ; VHDL_1993          ; VHDL_1993          ;
; State Machine Processing                                         ; Auto               ; Auto               ;
; Safe State Machine                                               ; Off                ; Off                ;
; Extract Verilog State Machines                                   ; On                 ; On                 ;
; Extract VHDL State Machines                                      ; On                 ; On                 ;
; Ignore Verilog initial constructs                                ; Off                ; Off                ;
; Iteration limit for constant Verilog loops                       ; 5000               ; 5000               ;
; Iteration limit for non-constant Verilog loops                   ; 250                ; 250                ;
; Add Pass-Through Logic to Inferred RAMs                          ; On                 ; On                 ;
; Infer RAMs from Raw Logic                                        ; On                 ; On                 ;
; Parallel Synthesis                                               ; On                 ; On                 ;
; NOT Gate Push-Back                                               ; On                 ; On                 ;
; Power-Up Don't Care                                              ; On                 ; On                 ;
; Remove Redundant Logic Cells                                     ; Off                ; Off                ;
; Remove Duplicate Registers                                       ; On                 ; On                 ;
; Ignore CARRY Buffers                                             ; Off                ; Off                ;
; Ignore CASCADE Buffers                                           ; Off                ; Off                ;
; Ignore GLOBAL Buffers                                            ; Off                ; Off                ;
; Ignore ROW GLOBAL Buffers                                        ; Off                ; Off                ;
; Ignore LCELL Buffers                                             ; Off                ; Off                ;
; Ignore SOFT Buffers                                              ; On                 ; On                 ;
; Limit AHDL Integers to 32 Bits                                   ; Off                ; Off                ;
; Optimization Technique                                           ; Balanced           ; Balanced           ;
; Carry Chain Length                                               ; 70                 ; 70                 ;
; Auto Carry Chains                                                ; On                 ; On                 ;
; Auto Open-Drain Pins                                             ; On                 ; On                 ;
; Perform WYSIWYG Primitive Resynthesis                            ; Off                ; Off                ;
; Auto Shift Register Replacement                                  ; Auto               ; Auto               ;
; Allow Shift Register Merging across Hierarchies                  ; Auto               ; Auto               ;
; Auto Clock Enable Replacement                                    ; On                 ; On                 ;
; Allow Synchronous Control Signals                                ; On                 ; On                 ;
; Force Use of Synchronous Clear Signals                           ; Off                ; Off                ;
; Auto Resource Sharing                                            ; Off                ; Off                ;
; Use LogicLock Constraints during Resource Balancing              ; On                 ; On                 ;
; Ignore translate_off and synthesis_off directives                ; Off                ; Off                ;
; Report Parameter Settings                                        ; On                 ; On                 ;
; Report Source Assignments                                        ; On                 ; On                 ;
; Report Connectivity Checks                                       ; On                 ; On                 ;
; Ignore Maximum Fan-Out Assignments                               ; Off                ; Off                ;
; Synchronization Register Chain Length                            ; 2                  ; 2                  ;
; Power Optimization During Synthesis                              ; Normal compilation ; Normal compilation ;
; HDL message level                                                ; Level2             ; Level2             ;
; Suppress Register Optimization Related Messages                  ; Off                ; Off                ;
; Number of Removed Registers Reported in Synthesis Report         ; 5000               ; 5000               ;
; Number of Swept Nodes Reported in Synthesis Report               ; 5000               ; 5000               ;
; Number of Inverted Registers Reported in Synthesis Report        ; 100                ; 100                ;
; Clock MUX Protection                                             ; On                 ; On                 ;
; Block Design Naming                                              ; Auto               ; Auto               ;
; Synthesis Effort                                                 ; Auto               ; Auto               ;
; Shift Register Replacement - Allow Asynchronous Clear Signal     ; On                 ; On                 ;
; Analysis & Synthesis Message Level                               ; Medium             ; Medium             ;
; Disable Register Merging Across Hierarchies                      ; Auto               ; Auto               ;
+------------------------------------------------------------------+--------------------+--------------------+


+------------------------------------------+
; Parallel Compilation                     ;
+----------------------------+-------------+
; Processors                 ; Number      ;
+----------------------------+-------------+
; Number detected on machine ; 4           ;
; Maximum allowed            ; 2           ;
;                            ;             ;
; Average used               ; 1.00        ;
; Maximum used               ; 1           ;
;                            ;             ;
; Usage by Processor         ; % Time Used ;
;     Processor 1            ; 100.0%      ;
+----------------------------+-------------+


+--------------------------------------------------------------------------------------------------------------------------------------------------------+
; Analysis & Synthesis Source Files Read                                                                                                                 ;
+----------------------------------+-----------------+------------------------+----------------------------------------------------------------+---------+
; File Name with User-Entered Path ; Used in Netlist ; File Type              ; File Name with Absolute Path                                   ; Library ;
+----------------------------------+-----------------+------------------------+----------------------------------------------------------------+---------+
; UC.v                             ; yes             ; User Verilog HDL File  ; /home/jorozco/Documentos/semArq/Datapath/DATAPATH/UC.v         ;         ;
; SIGNEXT.v                        ; yes             ; User Verilog HDL File  ; /home/jorozco/Documentos/semArq/Datapath/DATAPATH/SIGNEXT.v    ;         ;
; SHIFTLEFT2.v                     ; yes             ; User Verilog HDL File  ; /home/jorozco/Documentos/semArq/Datapath/DATAPATH/SHIFTLEFT2.v ;         ;
; REGISTERS.v                      ; yes             ; User Verilog HDL File  ; /home/jorozco/Documentos/semArq/Datapath/DATAPATH/REGISTERS.v  ;         ;
; PC.v                             ; yes             ; User Verilog HDL File  ; /home/jorozco/Documentos/semArq/Datapath/DATAPATH/PC.v         ;         ;
; MUX5.v                           ; yes             ; User Verilog HDL File  ; /home/jorozco/Documentos/semArq/Datapath/DATAPATH/MUX5.v       ;         ;
; MUX3.v                           ; yes             ; User Verilog HDL File  ; /home/jorozco/Documentos/semArq/Datapath/DATAPATH/MUX3.v       ;         ;
; MUX2.v                           ; yes             ; User Verilog HDL File  ; /home/jorozco/Documentos/semArq/Datapath/DATAPATH/MUX2.v       ;         ;
; MUX1.v                           ; yes             ; User Verilog HDL File  ; /home/jorozco/Documentos/semArq/Datapath/DATAPATH/MUX1.v       ;         ;
; INST_MEM.v                       ; yes             ; User Verilog HDL File  ; /home/jorozco/Documentos/semArq/Datapath/DATAPATH/INST_MEM.v   ;         ;
; DATAPATH.v                       ; yes             ; User Verilog HDL File  ; /home/jorozco/Documentos/semArq/Datapath/DATAPATH/DATAPATH.v   ;         ;
; DATAMEMORY.v                     ; yes             ; User Verilog HDL File  ; /home/jorozco/Documentos/semArq/Datapath/DATAPATH/DATAMEMORY.v ;         ;
; CAND.v                           ; yes             ; User Verilog HDL File  ; /home/jorozco/Documentos/semArq/Datapath/DATAPATH/CAND.v       ;         ;
; ALUCONTROL.v                     ; yes             ; User Verilog HDL File  ; /home/jorozco/Documentos/semArq/Datapath/DATAPATH/ALUCONTROL.v ;         ;
; ALU.v                            ; yes             ; User Verilog HDL File  ; /home/jorozco/Documentos/semArq/Datapath/DATAPATH/ALU.v        ;         ;
; ADDER.v                          ; yes             ; User Verilog HDL File  ; /home/jorozco/Documentos/semArq/Datapath/DATAPATH/ADDER.v      ;         ;
; ADD.v                            ; yes             ; User Verilog HDL File  ; /home/jorozco/Documentos/semArq/Datapath/DATAPATH/ADD.v        ;         ;
; BUFFER0.v                        ; yes             ; User Verilog HDL File  ; /home/jorozco/Documentos/semArq/Datapath/DATAPATH/BUFFER0.v    ;         ;
; BUFFER1.v                        ; yes             ; User Verilog HDL File  ; /home/jorozco/Documentos/semArq/Datapath/DATAPATH/BUFFER1.v    ;         ;
; BUFFER2.v                        ; yes             ; User Verilog HDL File  ; /home/jorozco/Documentos/semArq/Datapath/DATAPATH/BUFFER2.v    ;         ;
; BUFFER3.v                        ; yes             ; User Verilog HDL File  ; /home/jorozco/Documentos/semArq/Datapath/DATAPATH/BUFFER3.v    ;         ;
; MUX4.v                           ; yes             ; User Verilog HDL File  ; /home/jorozco/Documentos/semArq/Datapath/DATAPATH/MUX4.v       ;         ;
; SHIFTLEFT1.v                     ; yes             ; User Verilog HDL File  ; /home/jorozco/Documentos/semArq/Datapath/DATAPATH/SHIFTLEFT1.v ;         ;
+----------------------------------+-----------------+------------------------+----------------------------------------------------------------+---------+


+-----------------------------------------------------+
; Analysis & Synthesis Resource Usage Summary         ;
+---------------------------------------------+-------+
; Resource                                    ; Usage ;
+---------------------------------------------+-------+
; Total logic elements                        ; 89    ;
;     -- Combinational with no register       ; 0     ;
;     -- Register only                        ; 59    ;
;     -- Combinational with a register        ; 30    ;
;                                             ;       ;
; Logic element usage by number of LUT inputs ;       ;
;     -- 4 input functions                    ; 0     ;
;     -- 3 input functions                    ; 0     ;
;     -- 2 input functions                    ; 29    ;
;     -- 1 input functions                    ; 1     ;
;     -- 0 input functions                    ; 0     ;
;                                             ;       ;
; Logic elements by mode                      ;       ;
;     -- normal mode                          ; 61    ;
;     -- arithmetic mode                      ; 28    ;
;     -- qfbk mode                            ; 0     ;
;     -- register cascade mode                ; 0     ;
;     -- synchronous clear/load mode          ; 0     ;
;     -- asynchronous clear/load mode         ; 0     ;
;                                             ;       ;
; Total registers                             ; 89    ;
; Total logic cells in carry chains           ; 29    ;
; I/O pins                                    ; 98    ;
; Maximum fan-out node                        ; clk   ;
; Maximum fan-out                             ; 89    ;
; Total fan-out                               ; 237   ;
; Average fan-out                             ; 1.27  ;
+---------------------------------------------+-------+


+--------------------------------------------------------------------------------------------------------------------------------------------------------------------------------------------------------------------------------------+
; Analysis & Synthesis Resource Utilization by Entity                                                                                                                                                                                  ;
+----------------------------+-------------+--------------+------------+------+--------------+--------------+-------------------+------------------+-----------------+------------+-----------------------+-------------+--------------+
; Compilation Hierarchy Node ; Logic Cells ; LC Registers ; UFM Blocks ; Pins ; Virtual Pins ; LUT-Only LCs ; Register-Only LCs ; LUT/Register LCs ; Carry Chain LCs ; Packed LCs ; Full Hierarchy Name   ; Entity Name ; Library Name ;
+----------------------------+-------------+--------------+------------+------+--------------+--------------+-------------------+------------------+-----------------+------------+-----------------------+-------------+--------------+
; |DATAPATH                  ; 89 (0)      ; 89           ; 0          ; 98   ; 0            ; 0 (0)        ; 59 (0)            ; 30 (0)           ; 29 (0)          ; 0 (0)      ; |DATAPATH             ; DATAPATH    ; work         ;
;    |BUFFER0:p17|           ; 29 (29)     ; 29           ; 0          ; 0    ; 0            ; 0 (0)        ; 0 (0)             ; 29 (29)          ; 29 (29)         ; 0 (0)      ; |DATAPATH|BUFFER0:p17 ; BUFFER0     ; work         ;
;    |BUFFER1:p18|           ; 30 (30)     ; 30           ; 0          ; 0    ; 0            ; 0 (0)        ; 29 (29)           ; 1 (1)            ; 0 (0)           ; 0 (0)      ; |DATAPATH|BUFFER1:p18 ; BUFFER1     ; work         ;
;    |BUFFER2:p19|           ; 30 (30)     ; 30           ; 0          ; 0    ; 0            ; 0 (0)        ; 30 (30)           ; 0 (0)            ; 0 (0)           ; 0 (0)      ; |DATAPATH|BUFFER2:p19 ; BUFFER2     ; work         ;
+----------------------------+-------------+--------------+------------+------+--------------+--------------+-------------------+------------------+-----------------+------------+-----------------------+-------------+--------------+
Note: For table entries with two numbers listed, the numbers in parentheses indicate the number of resources of the given type used by the specific entity alone. The numbers listed outside of parentheses indicate the total resources of the given type used by the specific entity and all of its sub-entities in the hierarchy.


+---------------------------------------------------------------------------------------------+
; Registers Removed During Synthesis                                                          ;
+------------------------------------------+--------------------------------------------------+
; Register name                            ; Reason for Removal                               ;
+------------------------------------------+--------------------------------------------------+
; BUFFER1:p18|jumpDirO[0,1]                ; Stuck at GND due to stuck port data_in           ;
; BUFFER0:p17|insActualO[0..31]            ; Stuck at GND due to stuck port data_in           ;
; BUFFER2:p19|jumpDirO[0,1]                ; Stuck at GND due to stuck port data_in           ;
; BUFFER1:p18|rdO[0..4]                    ; Stuck at GND due to stuck port data_in           ;
; BUFFER1:p18|rtO[0..4]                    ; Stuck at GND due to stuck port data_in           ;
; BUFFER1:p18|signExtendO[0..31]           ; Stuck at GND due to stuck port data_in           ;
; BUFFER1:p18|jumpDirO[2..27]              ; Stuck at GND due to stuck port data_in           ;
; BUFFER2:p19|jumpDirO[2..27]              ; Stuck at GND due to stuck port data_in           ;
; BUFFER1:p18|regWriteO                    ; Stuck at VCC due to stuck port data_in           ;
; BUFFER1:p18|aluSrcO                      ; Stuck at GND due to stuck port data_in           ;
; BUFFER1:p18|memWriteO                    ; Stuck at GND due to stuck port data_in           ;
; BUFFER1:p18|aluOpO[1]                    ; Stuck at VCC due to stuck port data_in           ;
; BUFFER1:p18|aluOpO[2,3]                  ; Stuck at GND due to stuck port data_in           ;
; BUFFER1:p18|memToRegO                    ; Stuck at GND due to stuck port data_in           ;
; BUFFER1:p18|memReadO                     ; Stuck at GND due to stuck port data_in           ;
; BUFFER1:p18|branchO                      ; Stuck at GND due to stuck port data_in           ;
; BUFFER1:p18|jumpO                        ; Stuck at GND due to stuck port data_in           ;
; BUFFER1:p18|regDstO                      ; Lost fanout                                      ;
; BUFFER2:p19|selMux5db                    ; Stuck at GND due to stuck port data_in           ;
; BUFFER2:p19|writeRegistrerO[0..4]        ; Stuck at GND due to stuck port data_in           ;
; BUFFER2:p19|regWriteO                    ; Stuck at VCC due to stuck port data_in           ;
; BUFFER2:p19|memWriteO                    ; Stuck at GND due to stuck port data_in           ;
; BUFFER2:p19|memToRegO                    ; Stuck at GND due to stuck port data_in           ;
; BUFFER2:p19|memReadO                     ; Stuck at GND due to stuck port data_in           ;
; BUFFER2:p19|branchO                      ; Stuck at GND due to stuck port data_in           ;
; BUFFER2:p19|jumpO                        ; Stuck at GND due to stuck port data_in           ;
; BUFFER1:p18|aluOpO[0]                    ; Stuck at GND due to stuck port data_in           ;
; BUFFER2:p19|jumpDirO[31]                 ; Lost fanout                                      ;
; BUFFER1:p18|jumpDirO[31]                 ; Lost fanout                                      ;
; BUFFER2:p19|jumpDirO[30]                 ; Lost fanout                                      ;
; BUFFER1:p18|jumpDirO[30]                 ; Lost fanout                                      ;
; BUFFER2:p19|jumpDirO[29]                 ; Lost fanout                                      ;
; BUFFER1:p18|jumpDirO[29]                 ; Lost fanout                                      ;
; BUFFER2:p19|jumpDirO[28]                 ; Lost fanout                                      ;
; BUFFER1:p18|jumpDirO[28]                 ; Lost fanout                                      ;
; BUFFER3:p20|writeRegistrerO[0..4]        ; Stuck at GND due to stuck port data_in           ;
; BUFFER3:p20|regWriteO                    ; Stuck at VCC due to stuck port data_in           ;
; BUFFER3:p20|memToRegO                    ; Stuck at GND due to stuck port data_in           ;
; BUFFER2:p19|readData2O[0..31]            ; Lost fanout                                      ;
; BUFFER2:p19|zfO                          ; Lost fanout                                      ;
; BUFFER3:p20|readDataO[0..31]             ; Lost fanout                                      ;
; BUFFER2:p19|siguienteInstruccionO[0..31] ; Lost fanout                                      ;
; BUFFER2:p19|aluResultO[0..31]            ; Stuck at GND due to stuck port data_in           ;
; BUFFER1:p18|readData1O[0..31]            ; Lost fanout                                      ;
; BUFFER1:p18|readData2O[0..31]            ; Lost fanout                                      ;
; BUFFER3:p20|aluResultO[0..31]            ; Stuck at GND due to stuck port data_in           ;
; PC:p1|pc[0,1]                            ; Stuck at GND due to stuck port data_in           ;
; BUFFER0:p17|insSiguienteO[0,1]           ; Stuck at GND due to stuck port data_in           ;
; BUFFER1:p18|instruccionSiguienteO[0,1]   ; Stuck at GND due to stuck port data_in           ;
; BUFFER2:p19|direccionASaltar[0,1]        ; Stuck at GND due to stuck port data_in           ;
; PC:p1|pc[2]                              ; Merged with BUFFER0:p17|insSiguienteO[2]         ;
; PC:p1|pc[3]                              ; Merged with BUFFER0:p17|insSiguienteO[3]         ;
; PC:p1|pc[4]                              ; Merged with BUFFER0:p17|insSiguienteO[4]         ;
; PC:p1|pc[5]                              ; Merged with BUFFER0:p17|insSiguienteO[5]         ;
; PC:p1|pc[6]                              ; Merged with BUFFER0:p17|insSiguienteO[6]         ;
; PC:p1|pc[7]                              ; Merged with BUFFER0:p17|insSiguienteO[7]         ;
; PC:p1|pc[8]                              ; Merged with BUFFER0:p17|insSiguienteO[8]         ;
; PC:p1|pc[9]                              ; Merged with BUFFER0:p17|insSiguienteO[9]         ;
; PC:p1|pc[10]                             ; Merged with BUFFER0:p17|insSiguienteO[10]        ;
; PC:p1|pc[11]                             ; Merged with BUFFER0:p17|insSiguienteO[11]        ;
; PC:p1|pc[12]                             ; Merged with BUFFER0:p17|insSiguienteO[12]        ;
; PC:p1|pc[13]                             ; Merged with BUFFER0:p17|insSiguienteO[13]        ;
; PC:p1|pc[14]                             ; Merged with BUFFER0:p17|insSiguienteO[14]        ;
; PC:p1|pc[15]                             ; Merged with BUFFER0:p17|insSiguienteO[15]        ;
; PC:p1|pc[16]                             ; Merged with BUFFER0:p17|insSiguienteO[16]        ;
; PC:p1|pc[17]                             ; Merged with BUFFER0:p17|insSiguienteO[17]        ;
; PC:p1|pc[18]                             ; Merged with BUFFER0:p17|insSiguienteO[18]        ;
; PC:p1|pc[19]                             ; Merged with BUFFER0:p17|insSiguienteO[19]        ;
; PC:p1|pc[20]                             ; Merged with BUFFER0:p17|insSiguienteO[20]        ;
; PC:p1|pc[21]                             ; Merged with BUFFER0:p17|insSiguienteO[21]        ;
; PC:p1|pc[22]                             ; Merged with BUFFER0:p17|insSiguienteO[22]        ;
; PC:p1|pc[23]                             ; Merged with BUFFER0:p17|insSiguienteO[23]        ;
; PC:p1|pc[24]                             ; Merged with BUFFER0:p17|insSiguienteO[24]        ;
; PC:p1|pc[25]                             ; Merged with BUFFER0:p17|insSiguienteO[25]        ;
; PC:p1|pc[26]                             ; Merged with BUFFER0:p17|insSiguienteO[26]        ;
; PC:p1|pc[27]                             ; Merged with BUFFER0:p17|insSiguienteO[27]        ;
; PC:p1|pc[28]                             ; Merged with BUFFER0:p17|insSiguienteO[28]        ;
; PC:p1|pc[29]                             ; Merged with BUFFER0:p17|insSiguienteO[29]        ;
; PC:p1|pc[30]                             ; Merged with BUFFER0:p17|insSiguienteO[30]        ;
; PC:p1|pc[31]                             ; Merged with BUFFER0:p17|insSiguienteO[31]        ;
; BUFFER0:p17|insSiguienteO[2]             ; Merged with BUFFER1:p18|instruccionSiguienteO[2] ;
; Total Number of Removed Registers = 433  ;                                                  ;
+------------------------------------------+--------------------------------------------------+


+----------------------------------------------------------------------------------------------------------------------------------------------+
; Removed Registers Triggering Further Register Optimizations                                                                                  ;
+----------------------------+---------------------------+-------------------------------------------------------------------------------------+
; Register name              ; Reason for Removal        ; Registers Removed due to This Register                                              ;
+----------------------------+---------------------------+-------------------------------------------------------------------------------------+
; BUFFER0:p17|insActualO[26] ; Stuck at GND              ; BUFFER1:p18|regWriteO, BUFFER1:p18|aluSrcO, BUFFER1:p18|memWriteO,                  ;
;                            ; due to stuck port data_in ; BUFFER1:p18|aluOpO[1], BUFFER1:p18|aluOpO[2], BUFFER1:p18|aluOpO[3],                ;
;                            ;                           ; BUFFER1:p18|memToRegO, BUFFER1:p18|memReadO, BUFFER2:p19|regWriteO,                 ;
;                            ;                           ; BUFFER2:p19|memWriteO, BUFFER2:p19|memToRegO, BUFFER2:p19|memReadO,                 ;
;                            ;                           ; BUFFER1:p18|aluOpO[0], BUFFER3:p20|regWriteO, BUFFER3:p20|memToRegO,                ;
;                            ;                           ; BUFFER2:p19|readData2O[0], BUFFER2:p19|readData2O[1], BUFFER2:p19|readData2O[2],    ;
;                            ;                           ; BUFFER2:p19|readData2O[3], BUFFER2:p19|readData2O[4], BUFFER2:p19|readData2O[5],    ;
;                            ;                           ; BUFFER2:p19|readData2O[6], BUFFER2:p19|readData2O[7], BUFFER2:p19|readData2O[8],    ;
;                            ;                           ; BUFFER3:p20|readDataO[31], BUFFER3:p20|readDataO[30], BUFFER3:p20|readDataO[29],    ;
;                            ;                           ; BUFFER3:p20|readDataO[28], BUFFER3:p20|readDataO[27], BUFFER3:p20|readDataO[26],    ;
;                            ;                           ; BUFFER3:p20|readDataO[25], BUFFER3:p20|readDataO[24], BUFFER3:p20|readDataO[23],    ;
;                            ;                           ; BUFFER3:p20|readDataO[22], BUFFER3:p20|readDataO[21], BUFFER3:p20|readDataO[20],    ;
;                            ;                           ; BUFFER3:p20|readDataO[19], BUFFER3:p20|readDataO[18], BUFFER3:p20|readDataO[17],    ;
;                            ;                           ; BUFFER3:p20|readDataO[16], BUFFER3:p20|readDataO[15], BUFFER3:p20|readDataO[14],    ;
;                            ;                           ; BUFFER3:p20|readDataO[13], BUFFER3:p20|readDataO[12], BUFFER3:p20|readDataO[11],    ;
;                            ;                           ; BUFFER3:p20|readDataO[10], BUFFER3:p20|readDataO[9], BUFFER3:p20|readDataO[8],      ;
;                            ;                           ; BUFFER3:p20|readDataO[7], BUFFER3:p20|aluResultO[7], BUFFER3:p20|aluResultO[8],     ;
;                            ;                           ; BUFFER3:p20|aluResultO[9], BUFFER3:p20|aluResultO[10], BUFFER3:p20|aluResultO[11],  ;
;                            ;                           ; BUFFER3:p20|aluResultO[12], BUFFER3:p20|aluResultO[13], BUFFER3:p20|aluResultO[14], ;
;                            ;                           ; BUFFER3:p20|aluResultO[15], BUFFER3:p20|aluResultO[16], BUFFER3:p20|aluResultO[17], ;
;                            ;                           ; BUFFER3:p20|aluResultO[18], BUFFER3:p20|aluResultO[19], BUFFER3:p20|aluResultO[20], ;
;                            ;                           ; BUFFER3:p20|aluResultO[21], BUFFER3:p20|aluResultO[22]                              ;
; BUFFER1:p18|jumpDirO[0]    ; Stuck at GND              ; BUFFER2:p19|jumpDirO[0], BUFFER2:p19|jumpDirO[31], BUFFER1:p18|jumpDirO[31],        ;
;                            ; due to stuck port data_in ; BUFFER2:p19|jumpDirO[30], BUFFER1:p18|jumpDirO[30], BUFFER2:p19|jumpDirO[29],       ;
;                            ;                           ; BUFFER1:p18|jumpDirO[29], BUFFER2:p19|jumpDirO[28], BUFFER1:p18|jumpDirO[28],       ;
;                            ;                           ; BUFFER2:p19|zfO, BUFFER2:p19|siguienteInstruccionO[31],                             ;
;                            ;                           ; BUFFER2:p19|siguienteInstruccionO[30], BUFFER2:p19|siguienteInstruccionO[29],       ;
;                            ;                           ; BUFFER2:p19|siguienteInstruccionO[28], BUFFER2:p19|siguienteInstruccionO[27],       ;
;                            ;                           ; BUFFER2:p19|siguienteInstruccionO[26], BUFFER2:p19|siguienteInstruccionO[25],       ;
;                            ;                           ; BUFFER2:p19|siguienteInstruccionO[24], BUFFER2:p19|siguienteInstruccionO[23],       ;
;                            ;                           ; BUFFER2:p19|siguienteInstruccionO[22], BUFFER2:p19|siguienteInstruccionO[21],       ;
;                            ;                           ; BUFFER2:p19|siguienteInstruccionO[20], BUFFER2:p19|siguienteInstruccionO[19],       ;
;                            ;                           ; BUFFER2:p19|siguienteInstruccionO[18], BUFFER2:p19|siguienteInstruccionO[17],       ;
;                            ;                           ; BUFFER2:p19|siguienteInstruccionO[16], BUFFER2:p19|siguienteInstruccionO[15],       ;
;                            ;                           ; BUFFER2:p19|siguienteInstruccionO[14], BUFFER2:p19|siguienteInstruccionO[13],       ;
;                            ;                           ; BUFFER2:p19|siguienteInstruccionO[12], BUFFER2:p19|siguienteInstruccionO[11],       ;
;                            ;                           ; BUFFER2:p19|siguienteInstruccionO[10], BUFFER2:p19|siguienteInstruccionO[9],        ;
;                            ;                           ; BUFFER2:p19|siguienteInstruccionO[8], BUFFER2:p19|siguienteInstruccionO[7],         ;
;                            ;                           ; BUFFER2:p19|siguienteInstruccionO[6], BUFFER2:p19|siguienteInstruccionO[5],         ;
;                            ;                           ; BUFFER2:p19|siguienteInstruccionO[4], BUFFER2:p19|siguienteInstruccionO[3],         ;
;                            ;                           ; BUFFER2:p19|siguienteInstruccionO[2], BUFFER2:p19|siguienteInstruccionO[1],         ;
;                            ;                           ; BUFFER2:p19|siguienteInstruccionO[0], PC:p1|pc[0], PC:p1|pc[1],                     ;
;                            ;                           ; BUFFER0:p17|insSiguienteO[0], BUFFER0:p17|insSiguienteO[1],                         ;
;                            ;                           ; BUFFER1:p18|instruccionSiguienteO[0], BUFFER1:p18|instruccionSiguienteO[1]          ;
; BUFFER0:p17|insActualO[15] ; Stuck at GND              ; BUFFER1:p18|rdO[4], BUFFER1:p18|signExtendO[15], BUFFER1:p18|signExtendO[16],       ;
;                            ; due to stuck port data_in ; BUFFER1:p18|signExtendO[17], BUFFER1:p18|signExtendO[18],                           ;
;                            ;                           ; BUFFER1:p18|signExtendO[19], BUFFER1:p18|signExtendO[20],                           ;
;                            ;                           ; BUFFER1:p18|signExtendO[21], BUFFER1:p18|signExtendO[22],                           ;
;                            ;                           ; BUFFER1:p18|signExtendO[23], BUFFER1:p18|signExtendO[24],                           ;
;                            ;                           ; BUFFER1:p18|signExtendO[25], BUFFER1:p18|signExtendO[26],                           ;
;                            ;                           ; BUFFER1:p18|signExtendO[27], BUFFER1:p18|signExtendO[28],                           ;
;                            ;                           ; BUFFER1:p18|signExtendO[29], BUFFER1:p18|signExtendO[30],                           ;
;                            ;                           ; BUFFER1:p18|signExtendO[31], BUFFER1:p18|jumpDirO[17], BUFFER2:p19|jumpDirO[17],    ;
;                            ;                           ; BUFFER2:p19|writeRegistrerO[4], BUFFER3:p20|writeRegistrerO[4],                     ;
;                            ;                           ; BUFFER2:p19|aluResultO[27], BUFFER2:p19|aluResultO[28], BUFFER2:p19|aluResultO[29], ;
;                            ;                           ; BUFFER2:p19|aluResultO[30], BUFFER1:p18|readData1O[21], BUFFER1:p18|readData1O[20], ;
;                            ;                           ; BUFFER1:p18|readData1O[19], BUFFER1:p18|readData1O[18], BUFFER1:p18|readData1O[17], ;
;                            ;                           ; BUFFER1:p18|readData1O[16], BUFFER1:p18|readData1O[15], BUFFER1:p18|readData2O[31], ;
;                            ;                           ; BUFFER1:p18|readData2O[24], BUFFER1:p18|readData2O[23], BUFFER1:p18|readData2O[22], ;
;                            ;                           ; BUFFER1:p18|readData2O[21], BUFFER1:p18|readData2O[20], BUFFER1:p18|readData2O[19], ;
;                            ;                           ; BUFFER1:p18|readData2O[18], BUFFER1:p18|readData2O[17], BUFFER1:p18|readData2O[16], ;
;                            ;                           ; BUFFER1:p18|readData2O[15], BUFFER3:p20|aluResultO[27], BUFFER3:p20|aluResultO[28], ;
;                            ;                           ; BUFFER3:p20|aluResultO[29], BUFFER3:p20|aluResultO[30]                              ;
; BUFFER0:p17|insActualO[0]  ; Stuck at GND              ; BUFFER1:p18|signExtendO[0], BUFFER1:p18|jumpDirO[2], BUFFER2:p19|jumpDirO[2],       ;
;                            ; due to stuck port data_in ; BUFFER2:p19|aluResultO[0], BUFFER2:p19|aluResultO[1], BUFFER2:p19|aluResultO[2],    ;
;                            ;                           ; BUFFER2:p19|aluResultO[3], BUFFER2:p19|aluResultO[4], BUFFER2:p19|aluResultO[5],    ;
;                            ;                           ; BUFFER2:p19|aluResultO[6], BUFFER2:p19|aluResultO[7], BUFFER2:p19|aluResultO[8],    ;
;                            ;                           ; BUFFER2:p19|aluResultO[9], BUFFER2:p19|aluResultO[10], BUFFER2:p19|aluResultO[11],  ;
;                            ;                           ; BUFFER2:p19|aluResultO[12], BUFFER2:p19|aluResultO[13], BUFFER2:p19|aluResultO[14], ;
;                            ;                           ; BUFFER2:p19|aluResultO[15], BUFFER2:p19|aluResultO[16], BUFFER2:p19|aluResultO[17], ;
;                            ;                           ; BUFFER2:p19|aluResultO[18], BUFFER2:p19|aluResultO[19], BUFFER2:p19|aluResultO[20], ;
;                            ;                           ; BUFFER2:p19|aluResultO[21], BUFFER2:p19|aluResultO[22], BUFFER2:p19|aluResultO[23], ;
;                            ;                           ; BUFFER2:p19|aluResultO[24], BUFFER2:p19|aluResultO[25], BUFFER2:p19|aluResultO[26], ;
;                            ;                           ; BUFFER2:p19|aluResultO[31], BUFFER1:p18|readData1O[0], BUFFER3:p20|aluResultO[0],   ;
;                            ;                           ; BUFFER3:p20|aluResultO[1], BUFFER3:p20|aluResultO[2], BUFFER3:p20|aluResultO[3],    ;
;                            ;                           ; BUFFER3:p20|aluResultO[4], BUFFER3:p20|aluResultO[5], BUFFER3:p20|aluResultO[6],    ;
;                            ;                           ; BUFFER3:p20|aluResultO[23], BUFFER3:p20|aluResultO[24], BUFFER3:p20|aluResultO[25], ;
;                            ;                           ; BUFFER3:p20|aluResultO[26], BUFFER3:p20|aluResultO[31]                              ;
; BUFFER0:p17|insActualO[1]  ; Stuck at GND              ; BUFFER1:p18|signExtendO[1], BUFFER1:p18|jumpDirO[3], BUFFER2:p19|jumpDirO[3],       ;
;                            ; due to stuck port data_in ; BUFFER1:p18|readData1O[31], BUFFER1:p18|readData1O[30], BUFFER1:p18|readData1O[29], ;
;                            ;                           ; BUFFER1:p18|readData1O[28], BUFFER1:p18|readData1O[27], BUFFER1:p18|readData1O[26], ;
;                            ;                           ; BUFFER1:p18|readData1O[25], BUFFER1:p18|readData1O[24], BUFFER1:p18|readData1O[1],  ;
;                            ;                           ; BUFFER1:p18|readData2O[30], BUFFER1:p18|readData2O[29], BUFFER1:p18|readData2O[28], ;
;                            ;                           ; BUFFER1:p18|readData2O[27], BUFFER1:p18|readData2O[26], BUFFER1:p18|readData2O[25], ;
;                            ;                           ; BUFFER1:p18|readData2O[1]                                                           ;
; BUFFER0:p17|insActualO[16] ; Stuck at GND              ; BUFFER1:p18|rtO[0], BUFFER1:p18|jumpDirO[18], BUFFER2:p19|jumpDirO[18],             ;
;                            ; due to stuck port data_in ; BUFFER3:p20|readDataO[6], BUFFER3:p20|readDataO[5], BUFFER3:p20|readDataO[4],       ;
;                            ;                           ; BUFFER3:p20|readDataO[3], BUFFER3:p20|readDataO[2], BUFFER3:p20|readDataO[1],       ;
;                            ;                           ; BUFFER3:p20|readDataO[0]                                                            ;
; BUFFER0:p17|insActualO[11] ; Stuck at GND              ; BUFFER1:p18|rdO[0], BUFFER1:p18|signExtendO[11], BUFFER1:p18|jumpDirO[13],          ;
;                            ; due to stuck port data_in ; BUFFER2:p19|jumpDirO[13], BUFFER1:p18|regDstO, BUFFER2:p19|writeRegistrerO[0],      ;
;                            ;                           ; BUFFER3:p20|writeRegistrerO[0], BUFFER1:p18|readData1O[11],                         ;
;                            ;                           ; BUFFER1:p18|readData2O[11]                                                          ;
; BUFFER0:p17|insActualO[14] ; Stuck at GND              ; BUFFER1:p18|rdO[3], BUFFER1:p18|signExtendO[14], BUFFER1:p18|jumpDirO[16],          ;
;                            ; due to stuck port data_in ; BUFFER2:p19|jumpDirO[16], BUFFER2:p19|writeRegistrerO[3],                           ;
;                            ;                           ; BUFFER3:p20|writeRegistrerO[3], BUFFER1:p18|readData1O[14],                         ;
;                            ;                           ; BUFFER1:p18|readData2O[14]                                                          ;
; BUFFER0:p17|insActualO[13] ; Stuck at GND              ; BUFFER1:p18|rdO[2], BUFFER1:p18|signExtendO[13], BUFFER1:p18|jumpDirO[15],          ;
;                            ; due to stuck port data_in ; BUFFER2:p19|jumpDirO[15], BUFFER2:p19|writeRegistrerO[2],                           ;
;                            ;                           ; BUFFER3:p20|writeRegistrerO[2], BUFFER1:p18|readData1O[13],                         ;
;                            ;                           ; BUFFER1:p18|readData2O[13]                                                          ;
; BUFFER0:p17|insActualO[12] ; Stuck at GND              ; BUFFER1:p18|rdO[1], BUFFER1:p18|signExtendO[12], BUFFER1:p18|jumpDirO[14],          ;
;                            ; due to stuck port data_in ; BUFFER2:p19|jumpDirO[14], BUFFER2:p19|writeRegistrerO[1],                           ;
;                            ;                           ; BUFFER3:p20|writeRegistrerO[1], BUFFER1:p18|readData1O[12],                         ;
;                            ;                           ; BUFFER1:p18|readData2O[12]                                                          ;
; BUFFER0:p17|insActualO[6]  ; Stuck at GND              ; BUFFER1:p18|signExtendO[6], BUFFER1:p18|jumpDirO[8], BUFFER2:p19|jumpDirO[8],       ;
;                            ; due to stuck port data_in ; BUFFER1:p18|readData1O[22], BUFFER1:p18|readData1O[6], BUFFER1:p18|readData2O[6],   ;
;                            ;                           ; BUFFER1:p18|readData2O[0]                                                           ;
; BUFFER0:p17|insActualO[7]  ; Stuck at GND              ; BUFFER1:p18|signExtendO[7], BUFFER1:p18|jumpDirO[9], BUFFER2:p19|jumpDirO[9],       ;
;                            ; due to stuck port data_in ; BUFFER1:p18|readData1O[23], BUFFER1:p18|readData1O[7], BUFFER1:p18|readData2O[7]    ;
; BUFFER0:p17|insActualO[9]  ; Stuck at GND              ; BUFFER1:p18|signExtendO[9], BUFFER1:p18|jumpDirO[11], BUFFER2:p19|jumpDirO[11],     ;
;                            ; due to stuck port data_in ; BUFFER1:p18|readData1O[9], BUFFER1:p18|readData2O[9]                                ;
; BUFFER0:p17|insActualO[10] ; Stuck at GND              ; BUFFER1:p18|signExtendO[10], BUFFER1:p18|jumpDirO[12], BUFFER2:p19|jumpDirO[12],    ;
;                            ; due to stuck port data_in ; BUFFER1:p18|readData1O[10], BUFFER1:p18|readData2O[10]                              ;
; BUFFER0:p17|insActualO[8]  ; Stuck at GND              ; BUFFER1:p18|signExtendO[8], BUFFER1:p18|jumpDirO[10], BUFFER2:p19|jumpDirO[10],     ;
;                            ; due to stuck port data_in ; BUFFER1:p18|readData1O[8], BUFFER1:p18|readData2O[8]                                ;
; BUFFER0:p17|insActualO[5]  ; Stuck at GND              ; BUFFER1:p18|signExtendO[5], BUFFER1:p18|jumpDirO[7], BUFFER2:p19|jumpDirO[7],       ;
;                            ; due to stuck port data_in ; BUFFER1:p18|readData1O[5], BUFFER1:p18|readData2O[5]                                ;
; BUFFER0:p17|insActualO[4]  ; Stuck at GND              ; BUFFER1:p18|signExtendO[4], BUFFER1:p18|jumpDirO[6], BUFFER2:p19|jumpDirO[6],       ;
;                            ; due to stuck port data_in ; BUFFER1:p18|readData1O[4], BUFFER1:p18|readData2O[4]                                ;
; BUFFER0:p17|insActualO[3]  ; Stuck at GND              ; BUFFER1:p18|signExtendO[3], BUFFER1:p18|jumpDirO[5], BUFFER2:p19|jumpDirO[5],       ;
;                            ; due to stuck port data_in ; BUFFER1:p18|readData1O[3], BUFFER1:p18|readData2O[3]                                ;
; BUFFER0:p17|insActualO[2]  ; Stuck at GND              ; BUFFER1:p18|signExtendO[2], BUFFER1:p18|jumpDirO[4], BUFFER2:p19|jumpDirO[4],       ;
;                            ; due to stuck port data_in ; BUFFER1:p18|readData1O[2], BUFFER1:p18|readData2O[2]                                ;
; BUFFER0:p17|insActualO[17] ; Stuck at GND              ; BUFFER1:p18|rtO[1], BUFFER1:p18|jumpDirO[19], BUFFER2:p19|jumpDirO[19]              ;
;                            ; due to stuck port data_in ;                                                                                     ;
; BUFFER0:p17|insActualO[18] ; Stuck at GND              ; BUFFER1:p18|rtO[2], BUFFER1:p18|jumpDirO[20], BUFFER2:p19|jumpDirO[20]              ;
;                            ; due to stuck port data_in ;                                                                                     ;
; BUFFER0:p17|insActualO[19] ; Stuck at GND              ; BUFFER1:p18|rtO[3], BUFFER1:p18|jumpDirO[21], BUFFER2:p19|jumpDirO[21]              ;
;                            ; due to stuck port data_in ;                                                                                     ;
; BUFFER0:p17|insActualO[20] ; Stuck at GND              ; BUFFER1:p18|rtO[4], BUFFER1:p18|jumpDirO[22], BUFFER2:p19|jumpDirO[22]              ;
;                            ; due to stuck port data_in ;                                                                                     ;
; BUFFER1:p18|branchO        ; Stuck at GND              ; BUFFER2:p19|selMux5db, BUFFER2:p19|branchO                                          ;
;                            ; due to stuck port data_in ;                                                                                     ;
; BUFFER0:p17|insActualO[25] ; Stuck at GND              ; BUFFER1:p18|jumpDirO[27], BUFFER2:p19|jumpDirO[27]                                  ;
;                            ; due to stuck port data_in ;                                                                                     ;
; BUFFER0:p17|insActualO[24] ; Stuck at GND              ; BUFFER1:p18|jumpDirO[26], BUFFER2:p19|jumpDirO[26]                                  ;
;                            ; due to stuck port data_in ;                                                                                     ;
; BUFFER0:p17|insActualO[23] ; Stuck at GND              ; BUFFER1:p18|jumpDirO[25], BUFFER2:p19|jumpDirO[25]                                  ;
;                            ; due to stuck port data_in ;                                                                                     ;
; BUFFER0:p17|insActualO[22] ; Stuck at GND              ; BUFFER1:p18|jumpDirO[24], BUFFER2:p19|jumpDirO[24]                                  ;
;                            ; due to stuck port data_in ;                                                                                     ;
; BUFFER0:p17|insActualO[21] ; Stuck at GND              ; BUFFER1:p18|jumpDirO[23], BUFFER2:p19|jumpDirO[23]                                  ;
;                            ; due to stuck port data_in ;                                                                                     ;
; BUFFER1:p18|jumpDirO[1]    ; Stuck at GND              ; BUFFER2:p19|jumpDirO[1]                                                             ;
;                            ; due to stuck port data_in ;                                                                                     ;
; BUFFER1:p18|jumpO          ; Stuck at GND              ; BUFFER2:p19|jumpO                                                                   ;
;                            ; due to stuck port data_in ;                                                                                     ;
+----------------------------+---------------------------+-------------------------------------------------------------------------------------+


+------------------------------------------------------+
; General Register Statistics                          ;
+----------------------------------------------+-------+
; Statistic                                    ; Value ;
+----------------------------------------------+-------+
; Total registers                              ; 89    ;
; Number of registers using Synchronous Clear  ; 0     ;
; Number of registers using Synchronous Load   ; 0     ;
; Number of registers using Asynchronous Clear ; 0     ;
; Number of registers using Asynchronous Load  ; 0     ;
; Number of registers using Clock Enable       ; 0     ;
; Number of registers using Preset             ; 0     ;
+----------------------------------------------+-------+


+-------------------------------+
; Analysis & Synthesis Messages ;
+-------------------------------+
Info: *******************************************************************
Info: Running Quartus Prime Analysis & Synthesis
    Info: Version 19.1.0 Build 670 09/22/2019 SJ Lite Edition
    Info: Processing started: Mon May 25 07:10:16 2020
Info: Command: quartus_map --read_settings_files=on --write_settings_files=off DATAPATH -c DATAPATH
Warning (18236): Number of processors has not been specified which may cause overloading on shared machines.  Set the global assignment NUM_PARALLEL_PROCESSORS in your QSF to an appropriate value for best performance.
Info (20030): Parallel compilation is enabled and will use 2 of the 2 processors detected
Info (12021): Found 1 design units, including 1 entities, in source file UC_tb.v
    Info (12023): Found entity 1: UC_tb File: /home/jorozco/Documentos/semArq/Datapath/DATAPATH/UC_tb.v Line: 2
Info (12021): Found 1 design units, including 1 entities, in source file UC.v
    Info (12023): Found entity 1: UC File: /home/jorozco/Documentos/semArq/Datapath/DATAPATH/UC.v Line: 2
Info (12021): Found 1 design units, including 1 entities, in source file SIGNEXT_TB.v
    Info (12023): Found entity 1: SIGNEXT_TB File: /home/jorozco/Documentos/semArq/Datapath/DATAPATH/SIGNEXT_TB.v Line: 4
Info (12021): Found 1 design units, including 1 entities, in source file SIGNEXT.v
    Info (12023): Found entity 1: SIGNEXT File: /home/jorozco/Documentos/semArq/Datapath/DATAPATH/SIGNEXT.v Line: 1
Info (12021): Found 1 design units, including 1 entities, in source file SHIFTLEFT2_TB.v
    Info (12023): Found entity 1: SHIFTLEFT2_TB File: /home/jorozco/Documentos/semArq/Datapath/DATAPATH/SHIFTLEFT2_TB.v Line: 2
Info (12021): Found 1 design units, including 1 entities, in source file SHIFTLEFT2.v
    Info (12023): Found entity 1: SHIFTLEFT2 File: /home/jorozco/Documentos/semArq/Datapath/DATAPATH/SHIFTLEFT2.v Line: 1
Info (12021): Found 1 design units, including 1 entities, in source file REGISTERS.v
    Info (12023): Found entity 1: REGISTERS File: /home/jorozco/Documentos/semArq/Datapath/DATAPATH/REGISTERS.v Line: 2
Info (12021): Found 1 design units, including 1 entities, in source file PC.v
    Info (12023): Found entity 1: PC File: /home/jorozco/Documentos/semArq/Datapath/DATAPATH/PC.v Line: 2
Info (12021): Found 1 design units, including 1 entities, in source file MUX5.v
    Info (12023): Found entity 1: MUX5 File: /home/jorozco/Documentos/semArq/Datapath/DATAPATH/MUX5.v Line: 1
Info (12021): Found 1 design units, including 1 entities, in source file MUX3.v
    Info (12023): Found entity 1: MUX3 File: /home/jorozco/Documentos/semArq/Datapath/DATAPATH/MUX3.v Line: 1
Info (12021): Found 1 design units, including 1 entities, in source file MUX2.v
    Info (12023): Found entity 1: MUX2 File: /home/jorozco/Documentos/semArq/Datapath/DATAPATH/MUX2.v Line: 1
Info (12021): Found 1 design units, including 1 entities, in source file MUX1.v
    Info (12023): Found entity 1: MUX1 File: /home/jorozco/Documentos/semArq/Datapath/DATAPATH/MUX1.v Line: 1
Info (12021): Found 1 design units, including 1 entities, in source file INST_MEM.v
    Info (12023): Found entity 1: INST_MEM File: /home/jorozco/Documentos/semArq/Datapath/DATAPATH/INST_MEM.v Line: 2
Info (12021): Found 1 design units, including 1 entities, in source file DATAPATH_TB.v
    Info (12023): Found entity 1: DATAPATH_TB File: /home/jorozco/Documentos/semArq/Datapath/DATAPATH/DATAPATH_TB.v Line: 4
Info (12021): Found 1 design units, including 1 entities, in source file DATAPATH.v
    Info (12023): Found entity 1: DATAPATH File: /home/jorozco/Documentos/semArq/Datapath/DATAPATH/DATAPATH.v Line: 1
Info (12021): Found 1 design units, including 1 entities, in source file DATAMEMORY_TB.v
    Info (12023): Found entity 1: DATAMEMORY_TB File: /home/jorozco/Documentos/semArq/Datapath/DATAPATH/DATAMEMORY_TB.v Line: 2
Info (12021): Found 1 design units, including 1 entities, in source file DATAMEMORY.v
    Info (12023): Found entity 1: DATAMEMORY File: /home/jorozco/Documentos/semArq/Datapath/DATAPATH/DATAMEMORY.v Line: 1
Info (12021): Found 1 design units, including 1 entities, in source file CAND.v
    Info (12023): Found entity 1: CAND File: /home/jorozco/Documentos/semArq/Datapath/DATAPATH/CAND.v Line: 1
Warning (12019): Can't analyze file -- file ALU_TB.v is missing
Info (12021): Found 1 design units, including 1 entities, in source file ALUCONTROL_tb.v
    Info (12023): Found entity 1: ALUCONTROL_tb File: /home/jorozco/Documentos/semArq/Datapath/DATAPATH/ALUCONTROL_tb.v Line: 2
Info (12021): Found 1 design units, including 1 entities, in source file ALUCONTROL.v
    Info (12023): Found entity 1: ALUCONTROL File: /home/jorozco/Documentos/semArq/Datapath/DATAPATH/ALUCONTROL.v Line: 1
Info (12021): Found 1 design units, including 1 entities, in source file ALU.v
    Info (12023): Found entity 1: ALU File: /home/jorozco/Documentos/semArq/Datapath/DATAPATH/ALU.v Line: 2
Info (12021): Found 1 design units, including 1 entities, in source file ADDER_TB.v
    Info (12023): Found entity 1: ADDER_TB File: /home/jorozco/Documentos/semArq/Datapath/DATAPATH/ADDER_TB.v Line: 2
Info (12021): Found 1 design units, including 1 entities, in source file ADDER.v
    Info (12023): Found entity 1: ADDER File: /home/jorozco/Documentos/semArq/Datapath/DATAPATH/ADDER.v Line: 1
Info (12021): Found 1 design units, including 1 entities, in source file ADD.v
    Info (12023): Found entity 1: ADD File: /home/jorozco/Documentos/semArq/Datapath/DATAPATH/ADD.v Line: 2
Info (12021): Found 1 design units, including 1 entities, in source file BUFFER0.v
    Info (12023): Found entity 1: BUFFER0 File: /home/jorozco/Documentos/semArq/Datapath/DATAPATH/BUFFER0.v Line: 1
Warning (12019): Can't analyze file -- file BUFFER01.v is missing
Info (12021): Found 1 design units, including 1 entities, in source file BUFFER1.v
    Info (12023): Found entity 1: BUFFER1 File: /home/jorozco/Documentos/semArq/Datapath/DATAPATH/BUFFER1.v Line: 1
Info (12021): Found 1 design units, including 1 entities, in source file BUFFER2.v
    Info (12023): Found entity 1: BUFFER2 File: /home/jorozco/Documentos/semArq/Datapath/DATAPATH/BUFFER2.v Line: 1
Info (12021): Found 1 design units, including 1 entities, in source file BUFFER3.v
    Info (12023): Found entity 1: BUFFER3 File: /home/jorozco/Documentos/semArq/Datapath/DATAPATH/BUFFER3.v Line: 1
Info (12021): Found 1 design units, including 1 entities, in source file MUX4.v
    Info (12023): Found entity 1: MUX4 File: /home/jorozco/Documentos/semArq/Datapath/DATAPATH/MUX4.v Line: 1
Info (12021): Found 1 design units, including 1 entities, in source file SHIFTLEFT1.v
    Info (12023): Found entity 1: SHIFTLEFT1 File: /home/jorozco/Documentos/semArq/Datapath/DATAPATH/SHIFTLEFT1.v Line: 1
Warning (10236): Verilog HDL Implicit Net warning at DATAPATH.v(178): created implicit net for "regWrite2" File: /home/jorozco/Documentos/semArq/Datapath/DATAPATH/DATAPATH.v Line: 178
Info (12127): Elaborating entity "DATAPATH" for the top level hierarchy
Info (12128): Elaborating entity "MUX4" for hierarchy "MUX4:p21" File: /home/jorozco/Documentos/semArq/Datapath/DATAPATH/DATAPATH.v Line: 81
Info (12128): Elaborating entity "PC" for hierarchy "PC:p1" File: /home/jorozco/Documentos/semArq/Datapath/DATAPATH/DATAPATH.v Line: 88
Info (12128): Elaborating entity "ADD" for hierarchy "ADD:p2" File: /home/jorozco/Documentos/semArq/Datapath/DATAPATH/DATAPATH.v Line: 94
Info (12128): Elaborating entity "INST_MEM" for hierarchy "INST_MEM:p3" File: /home/jorozco/Documentos/semArq/Datapath/DATAPATH/DATAPATH.v Line: 101
Warning (10858): Verilog HDL warning at INST_MEM.v(6): object MR used but never assigned File: /home/jorozco/Documentos/semArq/Datapath/DATAPATH/INST_MEM.v Line: 6
Warning (10030): Net "MR" at INST_MEM.v(6) has no driver or initial value, using a default initial value '0' File: /home/jorozco/Documentos/semArq/Datapath/DATAPATH/INST_MEM.v Line: 6
Info (12128): Elaborating entity "BUFFER0" for hierarchy "BUFFER0:p17" File: /home/jorozco/Documentos/semArq/Datapath/DATAPATH/DATAPATH.v Line: 110
Info (12128): Elaborating entity "REGISTERS" for hierarchy "REGISTERS:p7" File: /home/jorozco/Documentos/semArq/Datapath/DATAPATH/DATAPATH.v Line: 121
Info (12128): Elaborating entity "SHIFTLEFT1" for hierarchy "SHIFTLEFT1:p22" File: /home/jorozco/Documentos/semArq/Datapath/DATAPATH/DATAPATH.v Line: 128
Info (12128): Elaborating entity "UC" for hierarchy "UC:p12" File: /home/jorozco/Documentos/semArq/Datapath/DATAPATH/DATAPATH.v Line: 142
Warning (10270): Verilog HDL Case Statement warning at UC.v(17): incomplete case statement has no default case item File: /home/jorozco/Documentos/semArq/Datapath/DATAPATH/UC.v Line: 17
Warning (10240): Verilog HDL Always Construct warning at UC.v(17): inferring latch(es) for variable "regDst", which holds its previous value in one or more paths through the always construct File: /home/jorozco/Documentos/semArq/Datapath/DATAPATH/UC.v Line: 17
Warning (10240): Verilog HDL Always Construct warning at UC.v(17): inferring latch(es) for variable "aluSrc", which holds its previous value in one or more paths through the always construct File: /home/jorozco/Documentos/semArq/Datapath/DATAPATH/UC.v Line: 17
Warning (10240): Verilog HDL Always Construct warning at UC.v(17): inferring latch(es) for variable "jump", which holds its previous value in one or more paths through the always construct File: /home/jorozco/Documentos/semArq/Datapath/DATAPATH/UC.v Line: 17
Warning (10240): Verilog HDL Always Construct warning at UC.v(17): inferring latch(es) for variable "memToReg", which holds its previous value in one or more paths through the always construct File: /home/jorozco/Documentos/semArq/Datapath/DATAPATH/UC.v Line: 17
Warning (10240): Verilog HDL Always Construct warning at UC.v(17): inferring latch(es) for variable "regWrite", which holds its previous value in one or more paths through the always construct File: /home/jorozco/Documentos/semArq/Datapath/DATAPATH/UC.v Line: 17
Warning (10240): Verilog HDL Always Construct warning at UC.v(17): inferring latch(es) for variable "memRead", which holds its previous value in one or more paths through the always construct File: /home/jorozco/Documentos/semArq/Datapath/DATAPATH/UC.v Line: 17
Warning (10240): Verilog HDL Always Construct warning at UC.v(17): inferring latch(es) for variable "memWrite", which holds its previous value in one or more paths through the always construct File: /home/jorozco/Documentos/semArq/Datapath/DATAPATH/UC.v Line: 17
Warning (10240): Verilog HDL Always Construct warning at UC.v(17): inferring latch(es) for variable "branch", which holds its previous value in one or more paths through the always construct File: /home/jorozco/Documentos/semArq/Datapath/DATAPATH/UC.v Line: 17
Warning (10240): Verilog HDL Always Construct warning at UC.v(17): inferring latch(es) for variable "aluOp", which holds its previous value in one or more paths through the always construct File: /home/jorozco/Documentos/semArq/Datapath/DATAPATH/UC.v Line: 17
Info (10041): Inferred latch for "aluOp[0]" at UC.v(17) File: /home/jorozco/Documentos/semArq/Datapath/DATAPATH/UC.v Line: 17
Info (10041): Inferred latch for "aluOp[1]" at UC.v(17) File: /home/jorozco/Documentos/semArq/Datapath/DATAPATH/UC.v Line: 17
Info (10041): Inferred latch for "aluOp[2]" at UC.v(17) File: /home/jorozco/Documentos/semArq/Datapath/DATAPATH/UC.v Line: 17
Info (10041): Inferred latch for "aluOp[3]" at UC.v(17) File: /home/jorozco/Documentos/semArq/Datapath/DATAPATH/UC.v Line: 17
Info (10041): Inferred latch for "branch" at UC.v(17) File: /home/jorozco/Documentos/semArq/Datapath/DATAPATH/UC.v Line: 17
Info (10041): Inferred latch for "memWrite" at UC.v(17) File: /home/jorozco/Documentos/semArq/Datapath/DATAPATH/UC.v Line: 17
Info (10041): Inferred latch for "memRead" at UC.v(17) File: /home/jorozco/Documentos/semArq/Datapath/DATAPATH/UC.v Line: 17
Info (10041): Inferred latch for "regWrite" at UC.v(17) File: /home/jorozco/Documentos/semArq/Datapath/DATAPATH/UC.v Line: 17
Info (10041): Inferred latch for "memToReg" at UC.v(17) File: /home/jorozco/Documentos/semArq/Datapath/DATAPATH/UC.v Line: 17
Info (10041): Inferred latch for "jump" at UC.v(17) File: /home/jorozco/Documentos/semArq/Datapath/DATAPATH/UC.v Line: 17
Info (10041): Inferred latch for "aluSrc" at UC.v(17) File: /home/jorozco/Documentos/semArq/Datapath/DATAPATH/UC.v Line: 17
Info (10041): Inferred latch for "regDst" at UC.v(17) File: /home/jorozco/Documentos/semArq/Datapath/DATAPATH/UC.v Line: 17
Info (12128): Elaborating entity "SIGNEXT" for hierarchy "SIGNEXT:p10" File: /home/jorozco/Documentos/semArq/Datapath/DATAPATH/DATAPATH.v Line: 148
Info (12128): Elaborating entity "BUFFER1" for hierarchy "BUFFER1:p18" File: /home/jorozco/Documentos/semArq/Datapath/DATAPATH/DATAPATH.v Line: 185
Info (12128): Elaborating entity "MUX1" for hierarchy "MUX1:p6" File: /home/jorozco/Documentos/semArq/Datapath/DATAPATH/DATAPATH.v Line: 193
Info (12128): Elaborating entity "ALUCONTROL" for hierarchy "ALUCONTROL:p11" File: /home/jorozco/Documentos/semArq/Datapath/DATAPATH/DATAPATH.v Line: 200
Info (12128): Elaborating entity "MUX2" for hierarchy "MUX2:p8" File: /home/jorozco/Documentos/semArq/Datapath/DATAPATH/DATAPATH.v Line: 208
Info (12128): Elaborating entity "ADDER" for hierarchy "ADDER:p15" File: /home/jorozco/Documentos/semArq/Datapath/DATAPATH/DATAPATH.v Line: 215
Info (12128): Elaborating entity "SHIFTLEFT2" for hierarchy "SHIFTLEFT2:p14" File: /home/jorozco/Documentos/semArq/Datapath/DATAPATH/DATAPATH.v Line: 221
Info (12128): Elaborating entity "ALU" for hierarchy "ALU:p9" File: /home/jorozco/Documentos/semArq/Datapath/DATAPATH/DATAPATH.v Line: 229
Info (12128): Elaborating entity "MUX5" for hierarchy "MUX5:p5" File: /home/jorozco/Documentos/semArq/Datapath/DATAPATH/DATAPATH.v Line: 237
Info (12128): Elaborating entity "MUX3" for hierarchy "MUX3:p13" File: /home/jorozco/Documentos/semArq/Datapath/DATAPATH/DATAPATH.v Line: 246
Info (12128): Elaborating entity "BUFFER2" for hierarchy "BUFFER2:p19" File: /home/jorozco/Documentos/semArq/Datapath/DATAPATH/DATAPATH.v Line: 277
Info (12128): Elaborating entity "CAND" for hierarchy "CAND:p4" File: /home/jorozco/Documentos/semArq/Datapath/DATAPATH/DATAPATH.v Line: 284
Info (12128): Elaborating entity "DATAMEMORY" for hierarchy "DATAMEMORY:p16" File: /home/jorozco/Documentos/semArq/Datapath/DATAPATH/DATAPATH.v Line: 293
Warning (10240): Verilog HDL Always Construct warning at DATAMEMORY.v(13): inferring latch(es) for variable "readData", which holds its previous value in one or more paths through the always construct File: /home/jorozco/Documentos/semArq/Datapath/DATAPATH/DATAMEMORY.v Line: 13
Info (10041): Inferred latch for "readData[0]" at DATAMEMORY.v(19) File: /home/jorozco/Documentos/semArq/Datapath/DATAPATH/DATAMEMORY.v Line: 19
Info (10041): Inferred latch for "readData[1]" at DATAMEMORY.v(19) File: /home/jorozco/Documentos/semArq/Datapath/DATAPATH/DATAMEMORY.v Line: 19
Info (10041): Inferred latch for "readData[2]" at DATAMEMORY.v(19) File: /home/jorozco/Documentos/semArq/Datapath/DATAPATH/DATAMEMORY.v Line: 19
Info (10041): Inferred latch for "readData[3]" at DATAMEMORY.v(19) File: /home/jorozco/Documentos/semArq/Datapath/DATAPATH/DATAMEMORY.v Line: 19
Info (10041): Inferred latch for "readData[4]" at DATAMEMORY.v(19) File: /home/jorozco/Documentos/semArq/Datapath/DATAPATH/DATAMEMORY.v Line: 19
Info (10041): Inferred latch for "readData[5]" at DATAMEMORY.v(19) File: /home/jorozco/Documentos/semArq/Datapath/DATAPATH/DATAMEMORY.v Line: 19
Info (10041): Inferred latch for "readData[6]" at DATAMEMORY.v(19) File: /home/jorozco/Documentos/semArq/Datapath/DATAPATH/DATAMEMORY.v Line: 19
Info (10041): Inferred latch for "readData[7]" at DATAMEMORY.v(19) File: /home/jorozco/Documentos/semArq/Datapath/DATAPATH/DATAMEMORY.v Line: 19
Info (10041): Inferred latch for "readData[8]" at DATAMEMORY.v(19) File: /home/jorozco/Documentos/semArq/Datapath/DATAPATH/DATAMEMORY.v Line: 19
Info (10041): Inferred latch for "readData[9]" at DATAMEMORY.v(19) File: /home/jorozco/Documentos/semArq/Datapath/DATAPATH/DATAMEMORY.v Line: 19
Info (10041): Inferred latch for "readData[10]" at DATAMEMORY.v(19) File: /home/jorozco/Documentos/semArq/Datapath/DATAPATH/DATAMEMORY.v Line: 19
Info (10041): Inferred latch for "readData[11]" at DATAMEMORY.v(19) File: /home/jorozco/Documentos/semArq/Datapath/DATAPATH/DATAMEMORY.v Line: 19
Info (10041): Inferred latch for "readData[12]" at DATAMEMORY.v(19) File: /home/jorozco/Documentos/semArq/Datapath/DATAPATH/DATAMEMORY.v Line: 19
Info (10041): Inferred latch for "readData[13]" at DATAMEMORY.v(19) File: /home/jorozco/Documentos/semArq/Datapath/DATAPATH/DATAMEMORY.v Line: 19
Info (10041): Inferred latch for "readData[14]" at DATAMEMORY.v(19) File: /home/jorozco/Documentos/semArq/Datapath/DATAPATH/DATAMEMORY.v Line: 19
Info (10041): Inferred latch for "readData[15]" at DATAMEMORY.v(19) File: /home/jorozco/Documentos/semArq/Datapath/DATAPATH/DATAMEMORY.v Line: 19
Info (10041): Inferred latch for "readData[16]" at DATAMEMORY.v(19) File: /home/jorozco/Documentos/semArq/Datapath/DATAPATH/DATAMEMORY.v Line: 19
Info (10041): Inferred latch for "readData[17]" at DATAMEMORY.v(19) File: /home/jorozco/Documentos/semArq/Datapath/DATAPATH/DATAMEMORY.v Line: 19
Info (10041): Inferred latch for "readData[18]" at DATAMEMORY.v(19) File: /home/jorozco/Documentos/semArq/Datapath/DATAPATH/DATAMEMORY.v Line: 19
Info (10041): Inferred latch for "readData[19]" at DATAMEMORY.v(19) File: /home/jorozco/Documentos/semArq/Datapath/DATAPATH/DATAMEMORY.v Line: 19
Info (10041): Inferred latch for "readData[20]" at DATAMEMORY.v(19) File: /home/jorozco/Documentos/semArq/Datapath/DATAPATH/DATAMEMORY.v Line: 19
Info (10041): Inferred latch for "readData[21]" at DATAMEMORY.v(19) File: /home/jorozco/Documentos/semArq/Datapath/DATAPATH/DATAMEMORY.v Line: 19
Info (10041): Inferred latch for "readData[22]" at DATAMEMORY.v(19) File: /home/jorozco/Documentos/semArq/Datapath/DATAPATH/DATAMEMORY.v Line: 19
Info (10041): Inferred latch for "readData[23]" at DATAMEMORY.v(19) File: /home/jorozco/Documentos/semArq/Datapath/DATAPATH/DATAMEMORY.v Line: 19
Info (10041): Inferred latch for "readData[24]" at DATAMEMORY.v(19) File: /home/jorozco/Documentos/semArq/Datapath/DATAPATH/DATAMEMORY.v Line: 19
Info (10041): Inferred latch for "readData[25]" at DATAMEMORY.v(19) File: /home/jorozco/Documentos/semArq/Datapath/DATAPATH/DATAMEMORY.v Line: 19
Info (10041): Inferred latch for "readData[26]" at DATAMEMORY.v(19) File: /home/jorozco/Documentos/semArq/Datapath/DATAPATH/DATAMEMORY.v Line: 19
Info (10041): Inferred latch for "readData[27]" at DATAMEMORY.v(19) File: /home/jorozco/Documentos/semArq/Datapath/DATAPATH/DATAMEMORY.v Line: 19
Info (10041): Inferred latch for "readData[28]" at DATAMEMORY.v(19) File: /home/jorozco/Documentos/semArq/Datapath/DATAPATH/DATAMEMORY.v Line: 19
Info (10041): Inferred latch for "readData[29]" at DATAMEMORY.v(19) File: /home/jorozco/Documentos/semArq/Datapath/DATAPATH/DATAMEMORY.v Line: 19
Info (10041): Inferred latch for "readData[30]" at DATAMEMORY.v(19) File: /home/jorozco/Documentos/semArq/Datapath/DATAPATH/DATAMEMORY.v Line: 19
Info (10041): Inferred latch for "readData[31]" at DATAMEMORY.v(19) File: /home/jorozco/Documentos/semArq/Datapath/DATAPATH/DATAMEMORY.v Line: 19
Info (12128): Elaborating entity "BUFFER3" for hierarchy "BUFFER3:p20" File: /home/jorozco/Documentos/semArq/Datapath/DATAPATH/DATAPATH.v Line: 308
Warning (13024): Output pins are stuck at VCC or GND
    Warning (13410): Pin "pruebaInstruccion[0]" is stuck at GND File: /home/jorozco/Documentos/semArq/Datapath/DATAPATH/DATAPATH.v Line: 3
    Warning (13410): Pin "pruebaInstruccion[1]" is stuck at GND File: /home/jorozco/Documentos/semArq/Datapath/DATAPATH/DATAPATH.v Line: 3
    Warning (13410): Pin "pruebaInstruccion[2]" is stuck at GND File: /home/jorozco/Documentos/semArq/Datapath/DATAPATH/DATAPATH.v Line: 3
    Warning (13410): Pin "pruebaInstruccion[3]" is stuck at GND File: /home/jorozco/Documentos/semArq/Datapath/DATAPATH/DATAPATH.v Line: 3
    Warning (13410): Pin "pruebaInstruccion[4]" is stuck at GND File: /home/jorozco/Documentos/semArq/Datapath/DATAPATH/DATAPATH.v Line: 3
    Warning (13410): Pin "pruebaInstruccion[5]" is stuck at GND File: /home/jorozco/Documentos/semArq/Datapath/DATAPATH/DATAPATH.v Line: 3
    Warning (13410): Pin "pruebaInstruccion[6]" is stuck at GND File: /home/jorozco/Documentos/semArq/Datapath/DATAPATH/DATAPATH.v Line: 3
    Warning (13410): Pin "pruebaInstruccion[7]" is stuck at GND File: /home/jorozco/Documentos/semArq/Datapath/DATAPATH/DATAPATH.v Line: 3
    Warning (13410): Pin "pruebaInstruccion[8]" is stuck at GND File: /home/jorozco/Documentos/semArq/Datapath/DATAPATH/DATAPATH.v Line: 3
    Warning (13410): Pin "pruebaInstruccion[9]" is stuck at GND File: /home/jorozco/Documentos/semArq/Datapath/DATAPATH/DATAPATH.v Line: 3
    Warning (13410): Pin "pruebaInstruccion[10]" is stuck at GND File: /home/jorozco/Documentos/semArq/Datapath/DATAPATH/DATAPATH.v Line: 3
    Warning (13410): Pin "pruebaInstruccion[11]" is stuck at GND File: /home/jorozco/Documentos/semArq/Datapath/DATAPATH/DATAPATH.v Line: 3
    Warning (13410): Pin "pruebaInstruccion[12]" is stuck at GND File: /home/jorozco/Documentos/semArq/Datapath/DATAPATH/DATAPATH.v Line: 3
    Warning (13410): Pin "pruebaInstruccion[13]" is stuck at GND File: /home/jorozco/Documentos/semArq/Datapath/DATAPATH/DATAPATH.v Line: 3
    Warning (13410): Pin "pruebaInstruccion[14]" is stuck at GND File: /home/jorozco/Documentos/semArq/Datapath/DATAPATH/DATAPATH.v Line: 3
    Warning (13410): Pin "pruebaInstruccion[15]" is stuck at GND File: /home/jorozco/Documentos/semArq/Datapath/DATAPATH/DATAPATH.v Line: 3
    Warning (13410): Pin "pruebaInstruccion[16]" is stuck at GND File: /home/jorozco/Documentos/semArq/Datapath/DATAPATH/DATAPATH.v Line: 3
    Warning (13410): Pin "pruebaInstruccion[17]" is stuck at GND File: /home/jorozco/Documentos/semArq/Datapath/DATAPATH/DATAPATH.v Line: 3
    Warning (13410): Pin "pruebaInstruccion[18]" is stuck at GND File: /home/jorozco/Documentos/semArq/Datapath/DATAPATH/DATAPATH.v Line: 3
    Warning (13410): Pin "pruebaInstruccion[19]" is stuck at GND File: /home/jorozco/Documentos/semArq/Datapath/DATAPATH/DATAPATH.v Line: 3
    Warning (13410): Pin "pruebaInstruccion[20]" is stuck at GND File: /home/jorozco/Documentos/semArq/Datapath/DATAPATH/DATAPATH.v Line: 3
    Warning (13410): Pin "pruebaInstruccion[21]" is stuck at GND File: /home/jorozco/Documentos/semArq/Datapath/DATAPATH/DATAPATH.v Line: 3
    Warning (13410): Pin "pruebaInstruccion[22]" is stuck at GND File: /home/jorozco/Documentos/semArq/Datapath/DATAPATH/DATAPATH.v Line: 3
    Warning (13410): Pin "pruebaInstruccion[23]" is stuck at GND File: /home/jorozco/Documentos/semArq/Datapath/DATAPATH/DATAPATH.v Line: 3
    Warning (13410): Pin "pruebaInstruccion[24]" is stuck at GND File: /home/jorozco/Documentos/semArq/Datapath/DATAPATH/DATAPATH.v Line: 3
    Warning (13410): Pin "pruebaInstruccion[25]" is stuck at GND File: /home/jorozco/Documentos/semArq/Datapath/DATAPATH/DATAPATH.v Line: 3
    Warning (13410): Pin "pruebaInstruccion[26]" is stuck at GND File: /home/jorozco/Documentos/semArq/Datapath/DATAPATH/DATAPATH.v Line: 3
    Warning (13410): Pin "pruebaInstruccion[27]" is stuck at GND File: /home/jorozco/Documentos/semArq/Datapath/DATAPATH/DATAPATH.v Line: 3
    Warning (13410): Pin "pruebaInstruccion[28]" is stuck at GND File: /home/jorozco/Documentos/semArq/Datapath/DATAPATH/DATAPATH.v Line: 3
    Warning (13410): Pin "pruebaInstruccion[29]" is stuck at GND File: /home/jorozco/Documentos/semArq/Datapath/DATAPATH/DATAPATH.v Line: 3
    Warning (13410): Pin "pruebaInstruccion[30]" is stuck at GND File: /home/jorozco/Documentos/semArq/Datapath/DATAPATH/DATAPATH.v Line: 3
    Warning (13410): Pin "pruebaInstruccion[31]" is stuck at GND File: /home/jorozco/Documentos/semArq/Datapath/DATAPATH/DATAPATH.v Line: 3
    Warning (13410): Pin "pruebaDatoSalida[0]" is stuck at GND File: /home/jorozco/Documentos/semArq/Datapath/DATAPATH/DATAPATH.v Line: 4
    Warning (13410): Pin "pruebaDatoSalida[1]" is stuck at GND File: /home/jorozco/Documentos/semArq/Datapath/DATAPATH/DATAPATH.v Line: 4
    Warning (13410): Pin "pruebaDatoSalida[2]" is stuck at GND File: /home/jorozco/Documentos/semArq/Datapath/DATAPATH/DATAPATH.v Line: 4
    Warning (13410): Pin "pruebaDatoSalida[3]" is stuck at GND File: /home/jorozco/Documentos/semArq/Datapath/DATAPATH/DATAPATH.v Line: 4
    Warning (13410): Pin "pruebaDatoSalida[4]" is stuck at GND File: /home/jorozco/Documentos/semArq/Datapath/DATAPATH/DATAPATH.v Line: 4
    Warning (13410): Pin "pruebaDatoSalida[5]" is stuck at GND File: /home/jorozco/Documentos/semArq/Datapath/DATAPATH/DATAPATH.v Line: 4
    Warning (13410): Pin "pruebaDatoSalida[6]" is stuck at GND File: /home/jorozco/Documentos/semArq/Datapath/DATAPATH/DATAPATH.v Line: 4
    Warning (13410): Pin "pruebaDatoSalida[7]" is stuck at GND File: /home/jorozco/Documentos/semArq/Datapath/DATAPATH/DATAPATH.v Line: 4
    Warning (13410): Pin "pruebaDatoSalida[8]" is stuck at GND File: /home/jorozco/Documentos/semArq/Datapath/DATAPATH/DATAPATH.v Line: 4
    Warning (13410): Pin "pruebaDatoSalida[9]" is stuck at GND File: /home/jorozco/Documentos/semArq/Datapath/DATAPATH/DATAPATH.v Line: 4
    Warning (13410): Pin "pruebaDatoSalida[10]" is stuck at GND File: /home/jorozco/Documentos/semArq/Datapath/DATAPATH/DATAPATH.v Line: 4
    Warning (13410): Pin "pruebaDatoSalida[11]" is stuck at GND File: /home/jorozco/Documentos/semArq/Datapath/DATAPATH/DATAPATH.v Line: 4
    Warning (13410): Pin "pruebaDatoSalida[12]" is stuck at GND File: /home/jorozco/Documentos/semArq/Datapath/DATAPATH/DATAPATH.v Line: 4
    Warning (13410): Pin "pruebaDatoSalida[13]" is stuck at GND File: /home/jorozco/Documentos/semArq/Datapath/DATAPATH/DATAPATH.v Line: 4
    Warning (13410): Pin "pruebaDatoSalida[14]" is stuck at GND File: /home/jorozco/Documentos/semArq/Datapath/DATAPATH/DATAPATH.v Line: 4
    Warning (13410): Pin "pruebaDatoSalida[15]" is stuck at GND File: /home/jorozco/Documentos/semArq/Datapath/DATAPATH/DATAPATH.v Line: 4
    Warning (13410): Pin "pruebaDatoSalida[16]" is stuck at GND File: /home/jorozco/Documentos/semArq/Datapath/DATAPATH/DATAPATH.v Line: 4
    Warning (13410): Pin "pruebaDatoSalida[17]" is stuck at GND File: /home/jorozco/Documentos/semArq/Datapath/DATAPATH/DATAPATH.v Line: 4
    Warning (13410): Pin "pruebaDatoSalida[18]" is stuck at GND File: /home/jorozco/Documentos/semArq/Datapath/DATAPATH/DATAPATH.v Line: 4
    Warning (13410): Pin "pruebaDatoSalida[19]" is stuck at GND File: /home/jorozco/Documentos/semArq/Datapath/DATAPATH/DATAPATH.v Line: 4
    Warning (13410): Pin "pruebaDatoSalida[20]" is stuck at GND File: /home/jorozco/Documentos/semArq/Datapath/DATAPATH/DATAPATH.v Line: 4
    Warning (13410): Pin "pruebaDatoSalida[21]" is stuck at GND File: /home/jorozco/Documentos/semArq/Datapath/DATAPATH/DATAPATH.v Line: 4
    Warning (13410): Pin "pruebaDatoSalida[22]" is stuck at GND File: /home/jorozco/Documentos/semArq/Datapath/DATAPATH/DATAPATH.v Line: 4
    Warning (13410): Pin "pruebaDatoSalida[23]" is stuck at GND File: /home/jorozco/Documentos/semArq/Datapath/DATAPATH/DATAPATH.v Line: 4
    Warning (13410): Pin "pruebaDatoSalida[24]" is stuck at GND File: /home/jorozco/Documentos/semArq/Datapath/DATAPATH/DATAPATH.v Line: 4
    Warning (13410): Pin "pruebaDatoSalida[25]" is stuck at GND File: /home/jorozco/Documentos/semArq/Datapath/DATAPATH/DATAPATH.v Line: 4
    Warning (13410): Pin "pruebaDatoSalida[26]" is stuck at GND File: /home/jorozco/Documentos/semArq/Datapath/DATAPATH/DATAPATH.v Line: 4
    Warning (13410): Pin "pruebaDatoSalida[27]" is stuck at GND File: /home/jorozco/Documentos/semArq/Datapath/DATAPATH/DATAPATH.v Line: 4
    Warning (13410): Pin "pruebaDatoSalida[28]" is stuck at GND File: /home/jorozco/Documentos/semArq/Datapath/DATAPATH/DATAPATH.v Line: 4
    Warning (13410): Pin "pruebaDatoSalida[29]" is stuck at GND File: /home/jorozco/Documentos/semArq/Datapath/DATAPATH/DATAPATH.v Line: 4
    Warning (13410): Pin "pruebaDatoSalida[30]" is stuck at GND File: /home/jorozco/Documentos/semArq/Datapath/DATAPATH/DATAPATH.v Line: 4
    Warning (13410): Pin "pruebaDatoSalida[31]" is stuck at GND File: /home/jorozco/Documentos/semArq/Datapath/DATAPATH/DATAPATH.v Line: 4
    Warning (13410): Pin "direccionASaltar[0]" is stuck at GND File: /home/jorozco/Documentos/semArq/Datapath/DATAPATH/DATAPATH.v Line: 5
    Warning (13410): Pin "direccionASaltar[1]" is stuck at GND File: /home/jorozco/Documentos/semArq/Datapath/DATAPATH/DATAPATH.v Line: 5
    Warning (13410): Pin "selMux5db" is stuck at GND File: /home/jorozco/Documentos/semArq/Datapath/DATAPATH/DATAPATH.v Line: 8
Info (17049): 170 registers lost all their fanouts during netlist optimizations.
Info (21057): Implemented 187 device resources after synthesis - the final resource count might be different
    Info (21058): Implemented 1 input pins
    Info (21059): Implemented 97 output pins
    Info (21061): Implemented 89 logic cells
Info (144001): Generated suppressed messages file /home/jorozco/Documentos/semArq/Datapath/DATAPATH/output_files/DATAPATH.map.smsg
Info: Quartus Prime Analysis & Synthesis was successful. 0 errors, 85 warnings
    Info: Peak virtual memory: 906 megabytes
    Info: Processing ended: Mon May 25 07:10:29 2020
    Info: Elapsed time: 00:00:13
    Info: Total CPU time (on all processors): 00:00:29


+------------------------------------------+
; Analysis & Synthesis Suppressed Messages ;
+------------------------------------------+
The suppressed messages can be found in /home/jorozco/Documentos/semArq/Datapath/DATAPATH/output_files/DATAPATH.map.smsg.


