Analysis & Synthesis report for DATAPATH
Thu May 07 14:15:26 2020
Quartus Prime Version 18.0.0 Build 614 04/24/2018 SJ Lite Edition


---------------------
; Table of Contents ;
---------------------
  1. Legal Notice
  2. Analysis & Synthesis Summary
  3. Analysis & Synthesis Settings
  4. Parallel Compilation
  5. Analysis & Synthesis Source Files Read
  6. Analysis & Synthesis Resource Usage Summary
  7. Analysis & Synthesis Resource Utilization by Entity
  8. User-Specified and Inferred Latches
  9. General Register Statistics
 10. Multiplexer Restructuring Statistics (Restructuring Performed)
 11. Analysis & Synthesis Messages
 12. Analysis & Synthesis Suppressed Messages



----------------
; Legal Notice ;
----------------
Copyright (C) 2018  Intel Corporation. All rights reserved.
Your use of Intel Corporation's design tools, logic functions 
and other software and tools, and its AMPP partner logic 
functions, and any output files from any of the foregoing 
(including device programming or simulation files), and any 
associated documentation or information are expressly subject 
to the terms and conditions of the Intel Program License 
Subscription Agreement, the Intel Quartus Prime License Agreement,
the Intel FPGA IP License Agreement, or other applicable license
agreement, including, without limitation, that your use is for
the sole purpose of programming logic devices manufactured by
Intel and sold by Intel or its authorized distributors.  Please
refer to the applicable agreement for further details.



+---------------------------------------------------------------------------+
; Analysis & Synthesis Summary                                              ;
+-----------------------------+---------------------------------------------+
; Analysis & Synthesis Status ; Successful - Thu May 07 14:15:26 2020       ;
; Quartus Prime Version       ; 18.0.0 Build 614 04/24/2018 SJ Lite Edition ;
; Revision Name               ; DATAPATH                                    ;
; Top-level Entity Name       ; UC                                          ;
; Family                      ; MAX V                                       ;
; Total logic elements        ; 25                                          ;
; Total pins                  ; 15                                          ;
; Total virtual pins          ; 0                                           ;
; UFM blocks                  ; 0 / 1 ( 0 % )                               ;
+-----------------------------+---------------------------------------------+


+------------------------------------------------------------------------------------------------------------+
; Analysis & Synthesis Settings                                                                              ;
+------------------------------------------------------------------+--------------------+--------------------+
; Option                                                           ; Setting            ; Default Value      ;
+------------------------------------------------------------------+--------------------+--------------------+
; Top-level entity name                                            ; UC                 ; DATAPATH           ;
; Family name                                                      ; MAX V              ; Cyclone V          ;
; Use smart compilation                                            ; Off                ; Off                ;
; Enable parallel Assembler and Timing Analyzer during compilation ; On                 ; On                 ;
; Enable compact report table                                      ; Off                ; Off                ;
; Restructure Multiplexers                                         ; Auto               ; Auto               ;
; Create Debugging Nodes for IP Cores                              ; Off                ; Off                ;
; Preserve fewer node names                                        ; On                 ; On                 ;
; Intel FPGA IP Evaluation Mode                                    ; Enable             ; Enable             ;
; Verilog Version                                                  ; Verilog_2001       ; Verilog_2001       ;
; VHDL Version                                                     ; VHDL_1993          ; VHDL_1993          ;
; State Machine Processing                                         ; Auto               ; Auto               ;
; Safe State Machine                                               ; Off                ; Off                ;
; Extract Verilog State Machines                                   ; On                 ; On                 ;
; Extract VHDL State Machines                                      ; On                 ; On                 ;
; Ignore Verilog initial constructs                                ; Off                ; Off                ;
; Iteration limit for constant Verilog loops                       ; 5000               ; 5000               ;
; Iteration limit for non-constant Verilog loops                   ; 250                ; 250                ;
; Add Pass-Through Logic to Inferred RAMs                          ; On                 ; On                 ;
; Infer RAMs from Raw Logic                                        ; On                 ; On                 ;
; Parallel Synthesis                                               ; On                 ; On                 ;
; NOT Gate Push-Back                                               ; On                 ; On                 ;
; Power-Up Don't Care                                              ; On                 ; On                 ;
; Remove Redundant Logic Cells                                     ; Off                ; Off                ;
; Remove Duplicate Registers                                       ; On                 ; On                 ;
; Ignore CARRY Buffers                                             ; Off                ; Off                ;
; Ignore CASCADE Buffers                                           ; Off                ; Off                ;
; Ignore GLOBAL Buffers                                            ; Off                ; Off                ;
; Ignore ROW GLOBAL Buffers                                        ; Off                ; Off                ;
; Ignore LCELL Buffers                                             ; Off                ; Off                ;
; Ignore SOFT Buffers                                              ; On                 ; On                 ;
; Limit AHDL Integers to 32 Bits                                   ; Off                ; Off                ;
; Optimization Technique                                           ; Balanced           ; Balanced           ;
; Carry Chain Length                                               ; 70                 ; 70                 ;
; Auto Carry Chains                                                ; On                 ; On                 ;
; Auto Open-Drain Pins                                             ; On                 ; On                 ;
; Perform WYSIWYG Primitive Resynthesis                            ; Off                ; Off                ;
; Auto Shift Register Replacement                                  ; Auto               ; Auto               ;
; Allow Shift Register Merging across Hierarchies                  ; Auto               ; Auto               ;
; Auto Clock Enable Replacement                                    ; On                 ; On                 ;
; Allow Synchronous Control Signals                                ; On                 ; On                 ;
; Force Use of Synchronous Clear Signals                           ; Off                ; Off                ;
; Auto Resource Sharing                                            ; Off                ; Off                ;
; Use LogicLock Constraints during Resource Balancing              ; On                 ; On                 ;
; Ignore translate_off and synthesis_off directives                ; Off                ; Off                ;
; Report Parameter Settings                                        ; On                 ; On                 ;
; Report Source Assignments                                        ; On                 ; On                 ;
; Report Connectivity Checks                                       ; On                 ; On                 ;
; Ignore Maximum Fan-Out Assignments                               ; Off                ; Off                ;
; Synchronization Register Chain Length                            ; 2                  ; 2                  ;
; Power Optimization During Synthesis                              ; Normal compilation ; Normal compilation ;
; HDL message level                                                ; Level2             ; Level2             ;
; Suppress Register Optimization Related Messages                  ; Off                ; Off                ;
; Number of Removed Registers Reported in Synthesis Report         ; 5000               ; 5000               ;
; Number of Swept Nodes Reported in Synthesis Report               ; 5000               ; 5000               ;
; Number of Inverted Registers Reported in Synthesis Report        ; 100                ; 100                ;
; Clock MUX Protection                                             ; On                 ; On                 ;
; Block Design Naming                                              ; Auto               ; Auto               ;
; Synthesis Effort                                                 ; Auto               ; Auto               ;
; Shift Register Replacement - Allow Asynchronous Clear Signal     ; On                 ; On                 ;
; Analysis & Synthesis Message Level                               ; Medium             ; Medium             ;
; Disable Register Merging Across Hierarchies                      ; Auto               ; Auto               ;
+------------------------------------------------------------------+--------------------+--------------------+


+------------------------------------------+
; Parallel Compilation                     ;
+----------------------------+-------------+
; Processors                 ; Number      ;
+----------------------------+-------------+
; Number detected on machine ; 2           ;
; Maximum allowed            ; 2           ;
;                            ;             ;
; Average used               ; 1.00        ;
; Maximum used               ; 1           ;
;                            ;             ;
; Usage by Processor         ; % Time Used ;
;     Processor 1            ; 100.0%      ;
+----------------------------+-------------+


+-----------------------------------------------------------------------------------------------------------------------------------------------------+
; Analysis & Synthesis Source Files Read                                                                                                              ;
+----------------------------------+-----------------+------------------------+-------------------------------------------------------------+---------+
; File Name with User-Entered Path ; Used in Netlist ; File Type              ; File Name with Absolute Path                                ; Library ;
+----------------------------------+-----------------+------------------------+-------------------------------------------------------------+---------+
; UC.v                             ; yes             ; User Verilog HDL File  ; C:/simulacionesSeminarioArquitectura/Datapath/DATAPATH/UC.v ;         ;
+----------------------------------+-----------------+------------------------+-------------------------------------------------------------+---------+


+--------------------------------------------------------+
; Analysis & Synthesis Resource Usage Summary            ;
+---------------------------------------------+----------+
; Resource                                    ; Usage    ;
+---------------------------------------------+----------+
; Total logic elements                        ; 25       ;
;     -- Combinational with no register       ; 25       ;
;     -- Register only                        ; 0        ;
;     -- Combinational with a register        ; 0        ;
;                                             ;          ;
; Logic element usage by number of LUT inputs ;          ;
;     -- 4 input functions                    ; 10       ;
;     -- 3 input functions                    ; 13       ;
;     -- 2 input functions                    ; 2        ;
;     -- 1 input functions                    ; 0        ;
;     -- 0 input functions                    ; 0        ;
;                                             ;          ;
; Logic elements by mode                      ;          ;
;     -- normal mode                          ; 25       ;
;     -- arithmetic mode                      ; 0        ;
;     -- qfbk mode                            ; 0        ;
;     -- register cascade mode                ; 0        ;
;     -- synchronous clear/load mode          ; 0        ;
;     -- asynchronous clear/load mode         ; 0        ;
;                                             ;          ;
; Total registers                             ; 0        ;
; I/O pins                                    ; 15       ;
; Maximum fan-out node                        ; Equal1~1 ;
; Maximum fan-out                             ; 11       ;
; Total fan-out                               ; 92       ;
; Average fan-out                             ; 2.30     ;
+---------------------------------------------+----------+


+------------------------------------------------------------------------------------------------------------------------------------------------------------------------------------------------------------------------------------+
; Analysis & Synthesis Resource Utilization by Entity                                                                                                                                                                                ;
+----------------------------+-------------+--------------+------------+------+--------------+--------------+-------------------+------------------+-----------------+------------+---------------------+-------------+--------------+
; Compilation Hierarchy Node ; Logic Cells ; LC Registers ; UFM Blocks ; Pins ; Virtual Pins ; LUT-Only LCs ; Register-Only LCs ; LUT/Register LCs ; Carry Chain LCs ; Packed LCs ; Full Hierarchy Name ; Entity Name ; Library Name ;
+----------------------------+-------------+--------------+------------+------+--------------+--------------+-------------------+------------------+-----------------+------------+---------------------+-------------+--------------+
; |UC                        ; 25 (25)     ; 0            ; 0          ; 15   ; 0            ; 25 (25)      ; 0 (0)             ; 0 (0)            ; 0 (0)           ; 0 (0)      ; |UC                 ; UC          ; work         ;
+----------------------------+-------------+--------------+------------+------+--------------+--------------+-------------------+------------------+-----------------+------------+---------------------+-------------+--------------+
Note: For table entries with two numbers listed, the numbers in parentheses indicate the number of resources of the given type used by the specific entity alone. The numbers listed outside of parentheses indicate the total resources of the given type used by the specific entity and all of its sub-entities in the hierarchy.


+---------------------------------------------------------------------------------------------------+
; User-Specified and Inferred Latches                                                               ;
+----------------------------------------------------+---------------------+------------------------+
; Latch Name                                         ; Latch Enable Signal ; Free of Timing Hazards ;
+----------------------------------------------------+---------------------+------------------------+
; regDst$latch                                       ; GND                 ; yes                    ;
; branch$latch                                       ; GND                 ; yes                    ;
; memRead$latch                                      ; GND                 ; yes                    ;
; memtoReg$latch                                     ; GND                 ; yes                    ;
; aluOp[0]$latch                                     ; GND                 ; yes                    ;
; aluOp[1]$latch                                     ; GND                 ; yes                    ;
; memWrite$latch                                     ; GND                 ; yes                    ;
; aluSrc$latch                                       ; GND                 ; yes                    ;
; regWrite$latch                                     ; GND                 ; yes                    ;
; Number of user-specified and inferred latches = 9  ;                     ;                        ;
+----------------------------------------------------+---------------------+------------------------+
Note: All latches listed above may not be present at the end of synthesis due to various synthesis optimizations.


+------------------------------------------------------+
; General Register Statistics                          ;
+----------------------------------------------+-------+
; Statistic                                    ; Value ;
+----------------------------------------------+-------+
; Total registers                              ; 0     ;
; Number of registers using Synchronous Clear  ; 0     ;
; Number of registers using Synchronous Load   ; 0     ;
; Number of registers using Asynchronous Clear ; 0     ;
; Number of registers using Asynchronous Load  ; 0     ;
; Number of registers using Clock Enable       ; 0     ;
; Number of registers using Preset             ; 0     ;
+----------------------------------------------+-------+


+------------------------------------------------------------------------------------------------------------------------------------------+
; Multiplexer Restructuring Statistics (Restructuring Performed)                                                                           ;
+--------------------+-----------+---------------+----------------------+------------------------+------------+----------------------------+
; Multiplexer Inputs ; Bus Width ; Baseline Area ; Area if Restructured ; Saving if Restructured ; Registered ; Example Multiplexer Output ;
+--------------------+-----------+---------------+----------------------+------------------------+------------+----------------------------+
; 3:1                ; 3 bits    ; 6 LEs         ; 6 LEs                ; 0 LEs                  ; No         ; |UC|branch                 ;
+--------------------+-----------+---------------+----------------------+------------------------+------------+----------------------------+


+-------------------------------+
; Analysis & Synthesis Messages ;
+-------------------------------+
Info: *******************************************************************
Info: Running Quartus Prime Analysis & Synthesis
    Info: Version 18.0.0 Build 614 04/24/2018 SJ Lite Edition
    Info: Processing started: Thu May 07 14:14:56 2020
Info: Command: quartus_map --read_settings_files=on --write_settings_files=off DATAPATH -c DATAPATH
Warning (18236): Number of processors has not been specified which may cause overloading on shared machines.  Set the global assignment NUM_PARALLEL_PROCESSORS in your QSF to an appropriate value for best performance.
Info (20030): Parallel compilation is enabled and will use 2 of the 2 processors detected
Info (12021): Found 1 design units, including 1 entities, in source file mux5.v
    Info (12023): Found entity 1: MUX5 File: C:/simulacionesSeminarioArquitectura/Datapath/DATAPATH/MUX5.v Line: 1
Info (12021): Found 1 design units, including 1 entities, in source file cand.v
    Info (12023): Found entity 1: CAND File: C:/simulacionesSeminarioArquitectura/Datapath/DATAPATH/CAND.v Line: 1
Info (12021): Found 1 design units, including 1 entities, in source file datapath.v
    Info (12023): Found entity 1: DATAPATH File: C:/simulacionesSeminarioArquitectura/Datapath/DATAPATH/DATAPATH.v Line: 1
Info (12021): Found 1 design units, including 1 entities, in source file mux1.v
    Info (12023): Found entity 1: MUX1 File: C:/simulacionesSeminarioArquitectura/Datapath/DATAPATH/MUX1.v Line: 1
Info (12021): Found 1 design units, including 1 entities, in source file alu.v
    Info (12023): Found entity 1: ALU File: C:/simulacionesSeminarioArquitectura/Datapath/DATAPATH/ALU.v Line: 1
Info (12021): Found 1 design units, including 1 entities, in source file mux2.v
    Info (12023): Found entity 1: MUX2 File: C:/simulacionesSeminarioArquitectura/Datapath/DATAPATH/MUX2.v Line: 1
Info (12021): Found 1 design units, including 1 entities, in source file signext.v
    Info (12023): Found entity 1: SIGNEXT File: C:/simulacionesSeminarioArquitectura/Datapath/DATAPATH/SIGNEXT.v Line: 1
Info (12021): Found 1 design units, including 1 entities, in source file uc.v
    Info (12023): Found entity 1: UC File: C:/simulacionesSeminarioArquitectura/Datapath/DATAPATH/UC.v Line: 1
Info (12021): Found 1 design units, including 1 entities, in source file uc_tb.v
    Info (12023): Found entity 1: UC_tb File: C:/simulacionesSeminarioArquitectura/Datapath/DATAPATH/UC_tb.v Line: 2
Warning (10236): Verilog HDL Implicit Net warning at DATAPATH.v(33): created implicit net for "zf" File: C:/simulacionesSeminarioArquitectura/Datapath/DATAPATH/DATAPATH.v Line: 33
Info (12127): Elaborating entity "UC" for the top level hierarchy
Warning (10240): Verilog HDL Always Construct warning at UC.v(15): inferring latch(es) for variable "regDst", which holds its previous value in one or more paths through the always construct File: C:/simulacionesSeminarioArquitectura/Datapath/DATAPATH/UC.v Line: 15
Warning (10240): Verilog HDL Always Construct warning at UC.v(15): inferring latch(es) for variable "aluSrc", which holds its previous value in one or more paths through the always construct File: C:/simulacionesSeminarioArquitectura/Datapath/DATAPATH/UC.v Line: 15
Warning (10240): Verilog HDL Always Construct warning at UC.v(15): inferring latch(es) for variable "memtoReg", which holds its previous value in one or more paths through the always construct File: C:/simulacionesSeminarioArquitectura/Datapath/DATAPATH/UC.v Line: 15
Warning (10240): Verilog HDL Always Construct warning at UC.v(15): inferring latch(es) for variable "regWrite", which holds its previous value in one or more paths through the always construct File: C:/simulacionesSeminarioArquitectura/Datapath/DATAPATH/UC.v Line: 15
Warning (10240): Verilog HDL Always Construct warning at UC.v(15): inferring latch(es) for variable "memRead", which holds its previous value in one or more paths through the always construct File: C:/simulacionesSeminarioArquitectura/Datapath/DATAPATH/UC.v Line: 15
Warning (10240): Verilog HDL Always Construct warning at UC.v(15): inferring latch(es) for variable "memWrite", which holds its previous value in one or more paths through the always construct File: C:/simulacionesSeminarioArquitectura/Datapath/DATAPATH/UC.v Line: 15
Warning (10240): Verilog HDL Always Construct warning at UC.v(15): inferring latch(es) for variable "branch", which holds its previous value in one or more paths through the always construct File: C:/simulacionesSeminarioArquitectura/Datapath/DATAPATH/UC.v Line: 15
Warning (10240): Verilog HDL Always Construct warning at UC.v(15): inferring latch(es) for variable "aluOp", which holds its previous value in one or more paths through the always construct File: C:/simulacionesSeminarioArquitectura/Datapath/DATAPATH/UC.v Line: 15
Info (10041): Inferred latch for "aluOp[0]" at UC.v(28) File: C:/simulacionesSeminarioArquitectura/Datapath/DATAPATH/UC.v Line: 28
Info (10041): Inferred latch for "aluOp[1]" at UC.v(28) File: C:/simulacionesSeminarioArquitectura/Datapath/DATAPATH/UC.v Line: 28
Info (10041): Inferred latch for "branch" at UC.v(28) File: C:/simulacionesSeminarioArquitectura/Datapath/DATAPATH/UC.v Line: 28
Info (10041): Inferred latch for "memWrite" at UC.v(28) File: C:/simulacionesSeminarioArquitectura/Datapath/DATAPATH/UC.v Line: 28
Info (10041): Inferred latch for "memRead" at UC.v(28) File: C:/simulacionesSeminarioArquitectura/Datapath/DATAPATH/UC.v Line: 28
Info (10041): Inferred latch for "regWrite" at UC.v(28) File: C:/simulacionesSeminarioArquitectura/Datapath/DATAPATH/UC.v Line: 28
Info (10041): Inferred latch for "memtoReg" at UC.v(28) File: C:/simulacionesSeminarioArquitectura/Datapath/DATAPATH/UC.v Line: 28
Info (10041): Inferred latch for "aluSrc" at UC.v(28) File: C:/simulacionesSeminarioArquitectura/Datapath/DATAPATH/UC.v Line: 28
Info (10041): Inferred latch for "regDst" at UC.v(28) File: C:/simulacionesSeminarioArquitectura/Datapath/DATAPATH/UC.v Line: 28
Info (21057): Implemented 40 device resources after synthesis - the final resource count might be different
    Info (21058): Implemented 6 input pins
    Info (21059): Implemented 9 output pins
    Info (21061): Implemented 25 logic cells
Info (144001): Generated suppressed messages file C:/simulacionesSeminarioArquitectura/Datapath/DATAPATH/output_files/DATAPATH.map.smsg
Info: Quartus Prime Analysis & Synthesis was successful. 0 errors, 10 warnings
    Info: Peak virtual memory: 4717 megabytes
    Info: Processing ended: Thu May 07 14:15:26 2020
    Info: Elapsed time: 00:00:30
    Info: Total CPU time (on all processors): 00:00:25


+------------------------------------------+
; Analysis & Synthesis Suppressed Messages ;
+------------------------------------------+
The suppressed messages can be found in C:/simulacionesSeminarioArquitectura/Datapath/DATAPATH/output_files/DATAPATH.map.smsg.


