Analysis & Synthesis report for DATAPATH
Wed May 13 14:00:00 2020
Quartus Prime Version 18.0.0 Build 614 04/24/2018 SJ Lite Edition


---------------------
; Table of Contents ;
---------------------
  1. Legal Notice
  2. Analysis & Synthesis Summary
  3. Analysis & Synthesis Settings
  4. Parallel Compilation
  5. Analysis & Synthesis Source Files Read
  6. Analysis & Synthesis Resource Usage Summary
  7. Analysis & Synthesis Resource Utilization by Entity
  8. General Register Statistics
  9. Port Connectivity Checks: "UC:p12"
 10. Port Connectivity Checks: "ALUCONTROL:p11"
 11. Analysis & Synthesis Messages
 12. Analysis & Synthesis Suppressed Messages



----------------
; Legal Notice ;
----------------
Copyright (C) 2018  Intel Corporation. All rights reserved.
Your use of Intel Corporation's design tools, logic functions 
and other software and tools, and its AMPP partner logic 
functions, and any output files from any of the foregoing 
(including device programming or simulation files), and any 
associated documentation or information are expressly subject 
to the terms and conditions of the Intel Program License 
Subscription Agreement, the Intel Quartus Prime License Agreement,
the Intel FPGA IP License Agreement, or other applicable license
agreement, including, without limitation, that your use is for
the sole purpose of programming logic devices manufactured by
Intel and sold by Intel or its authorized distributors.  Please
refer to the applicable agreement for further details.



+---------------------------------------------------------------------------+
; Analysis & Synthesis Summary                                              ;
+-----------------------------+---------------------------------------------+
; Analysis & Synthesis Status ; Successful - Wed May 13 14:00:00 2020       ;
; Quartus Prime Version       ; 18.0.0 Build 614 04/24/2018 SJ Lite Edition ;
; Revision Name               ; DATAPATH                                    ;
; Top-level Entity Name       ; DATAPATH                                    ;
; Family                      ; MAX V                                       ;
; Total logic elements        ; 0                                           ;
; Total pins                  ; 65                                          ;
; Total virtual pins          ; 0                                           ;
; UFM blocks                  ; 0 / 1 ( 0 % )                               ;
+-----------------------------+---------------------------------------------+


+------------------------------------------------------------------------------------------------------------+
; Analysis & Synthesis Settings                                                                              ;
+------------------------------------------------------------------+--------------------+--------------------+
; Option                                                           ; Setting            ; Default Value      ;
+------------------------------------------------------------------+--------------------+--------------------+
; Top-level entity name                                            ; DATAPATH           ; DATAPATH           ;
; Family name                                                      ; MAX V              ; Cyclone V          ;
; Use smart compilation                                            ; Off                ; Off                ;
; Enable parallel Assembler and Timing Analyzer during compilation ; On                 ; On                 ;
; Enable compact report table                                      ; Off                ; Off                ;
; Restructure Multiplexers                                         ; Auto               ; Auto               ;
; Create Debugging Nodes for IP Cores                              ; Off                ; Off                ;
; Preserve fewer node names                                        ; On                 ; On                 ;
; Intel FPGA IP Evaluation Mode                                    ; Enable             ; Enable             ;
; Verilog Version                                                  ; Verilog_2001       ; Verilog_2001       ;
; VHDL Version                                                     ; VHDL_1993          ; VHDL_1993          ;
; State Machine Processing                                         ; Auto               ; Auto               ;
; Safe State Machine                                               ; Off                ; Off                ;
; Extract Verilog State Machines                                   ; On                 ; On                 ;
; Extract VHDL State Machines                                      ; On                 ; On                 ;
; Ignore Verilog initial constructs                                ; Off                ; Off                ;
; Iteration limit for constant Verilog loops                       ; 5000               ; 5000               ;
; Iteration limit for non-constant Verilog loops                   ; 250                ; 250                ;
; Add Pass-Through Logic to Inferred RAMs                          ; On                 ; On                 ;
; Infer RAMs from Raw Logic                                        ; On                 ; On                 ;
; Parallel Synthesis                                               ; On                 ; On                 ;
; NOT Gate Push-Back                                               ; On                 ; On                 ;
; Power-Up Don't Care                                              ; On                 ; On                 ;
; Remove Redundant Logic Cells                                     ; Off                ; Off                ;
; Remove Duplicate Registers                                       ; On                 ; On                 ;
; Ignore CARRY Buffers                                             ; Off                ; Off                ;
; Ignore CASCADE Buffers                                           ; Off                ; Off                ;
; Ignore GLOBAL Buffers                                            ; Off                ; Off                ;
; Ignore ROW GLOBAL Buffers                                        ; Off                ; Off                ;
; Ignore LCELL Buffers                                             ; Off                ; Off                ;
; Ignore SOFT Buffers                                              ; On                 ; On                 ;
; Limit AHDL Integers to 32 Bits                                   ; Off                ; Off                ;
; Optimization Technique                                           ; Balanced           ; Balanced           ;
; Carry Chain Length                                               ; 70                 ; 70                 ;
; Auto Carry Chains                                                ; On                 ; On                 ;
; Auto Open-Drain Pins                                             ; On                 ; On                 ;
; Perform WYSIWYG Primitive Resynthesis                            ; Off                ; Off                ;
; Auto Shift Register Replacement                                  ; Auto               ; Auto               ;
; Allow Shift Register Merging across Hierarchies                  ; Auto               ; Auto               ;
; Auto Clock Enable Replacement                                    ; On                 ; On                 ;
; Allow Synchronous Control Signals                                ; On                 ; On                 ;
; Force Use of Synchronous Clear Signals                           ; Off                ; Off                ;
; Auto Resource Sharing                                            ; Off                ; Off                ;
; Use LogicLock Constraints during Resource Balancing              ; On                 ; On                 ;
; Ignore translate_off and synthesis_off directives                ; Off                ; Off                ;
; Report Parameter Settings                                        ; On                 ; On                 ;
; Report Source Assignments                                        ; On                 ; On                 ;
; Report Connectivity Checks                                       ; On                 ; On                 ;
; Ignore Maximum Fan-Out Assignments                               ; Off                ; Off                ;
; Synchronization Register Chain Length                            ; 2                  ; 2                  ;
; Power Optimization During Synthesis                              ; Normal compilation ; Normal compilation ;
; HDL message level                                                ; Level2             ; Level2             ;
; Suppress Register Optimization Related Messages                  ; Off                ; Off                ;
; Number of Removed Registers Reported in Synthesis Report         ; 5000               ; 5000               ;
; Number of Swept Nodes Reported in Synthesis Report               ; 5000               ; 5000               ;
; Number of Inverted Registers Reported in Synthesis Report        ; 100                ; 100                ;
; Clock MUX Protection                                             ; On                 ; On                 ;
; Block Design Naming                                              ; Auto               ; Auto               ;
; Synthesis Effort                                                 ; Auto               ; Auto               ;
; Shift Register Replacement - Allow Asynchronous Clear Signal     ; On                 ; On                 ;
; Analysis & Synthesis Message Level                               ; Medium             ; Medium             ;
; Disable Register Merging Across Hierarchies                      ; Auto               ; Auto               ;
+------------------------------------------------------------------+--------------------+--------------------+


+------------------------------------------+
; Parallel Compilation                     ;
+----------------------------+-------------+
; Processors                 ; Number      ;
+----------------------------+-------------+
; Number detected on machine ; 4           ;
; Maximum allowed            ; 2           ;
;                            ;             ;
; Average used               ; 1.00        ;
; Maximum used               ; 1           ;
;                            ;             ;
; Usage by Processor         ; % Time Used ;
;     Processor 1            ; 100.0%      ;
+----------------------------+-------------+


+-----------------------------------------------------------------------------------------------------------------------------------------+
; Analysis & Synthesis Source Files Read                                                                                                  ;
+----------------------------------+-----------------+------------------------+-------------------------------------------------+---------+
; File Name with User-Entered Path ; Used in Netlist ; File Type              ; File Name with Absolute Path                    ; Library ;
+----------------------------------+-----------------+------------------------+-------------------------------------------------+---------+
; UC.v                             ; yes             ; User Verilog HDL File  ; C:/Users/Gustavo/Datapath/DATAPATH/UC.v         ;         ;
; SIGNEXT.v                        ; yes             ; User Verilog HDL File  ; C:/Users/Gustavo/Datapath/DATAPATH/SIGNEXT.v    ;         ;
; SHIFTLEFT2.v                     ; yes             ; User Verilog HDL File  ; C:/Users/Gustavo/Datapath/DATAPATH/SHIFTLEFT2.v ;         ;
; REGISTERS.v                      ; yes             ; User Verilog HDL File  ; C:/Users/Gustavo/Datapath/DATAPATH/REGISTERS.v  ;         ;
; PC.v                             ; yes             ; User Verilog HDL File  ; C:/Users/Gustavo/Datapath/DATAPATH/PC.v         ;         ;
; MUX5.v                           ; yes             ; User Verilog HDL File  ; C:/Users/Gustavo/Datapath/DATAPATH/MUX5.v       ;         ;
; MUX3.v                           ; yes             ; User Verilog HDL File  ; C:/Users/Gustavo/Datapath/DATAPATH/MUX3.v       ;         ;
; MUX2.v                           ; yes             ; User Verilog HDL File  ; C:/Users/Gustavo/Datapath/DATAPATH/MUX2.v       ;         ;
; MUX1.v                           ; yes             ; User Verilog HDL File  ; C:/Users/Gustavo/Datapath/DATAPATH/MUX1.v       ;         ;
; INST_MEM.v                       ; yes             ; User Verilog HDL File  ; C:/Users/Gustavo/Datapath/DATAPATH/INST_MEM.v   ;         ;
; DATAPATH.v                       ; yes             ; User Verilog HDL File  ; C:/Users/Gustavo/Datapath/DATAPATH/DATAPATH.v   ;         ;
; CAND.v                           ; yes             ; User Verilog HDL File  ; C:/Users/Gustavo/Datapath/DATAPATH/CAND.v       ;         ;
; ALUCONTROL.v                     ; yes             ; User Verilog HDL File  ; C:/Users/Gustavo/Datapath/DATAPATH/ALUCONTROL.v ;         ;
; ALU.v                            ; yes             ; User Verilog HDL File  ; C:/Users/Gustavo/Datapath/DATAPATH/ALU.v        ;         ;
; ADDER.v                          ; yes             ; User Verilog HDL File  ; C:/Users/Gustavo/Datapath/DATAPATH/ADDER.v      ;         ;
; ADD.v                            ; yes             ; User Verilog HDL File  ; C:/Users/Gustavo/Datapath/DATAPATH/ADD.v        ;         ;
+----------------------------------+-----------------+------------------------+-------------------------------------------------+---------+


+-----------------------------------------------------+
; Analysis & Synthesis Resource Usage Summary         ;
+---------------------------------------------+-------+
; Resource                                    ; Usage ;
+---------------------------------------------+-------+
; Total logic elements                        ; 0     ;
;     -- Combinational with no register       ; 0     ;
;     -- Register only                        ; 0     ;
;     -- Combinational with a register        ; 0     ;
;                                             ;       ;
; Logic element usage by number of LUT inputs ;       ;
;     -- 4 input functions                    ; 0     ;
;     -- 3 input functions                    ; 0     ;
;     -- 2 input functions                    ; 0     ;
;     -- 1 input functions                    ; 0     ;
;     -- 0 input functions                    ; 0     ;
;                                             ;       ;
; Logic elements by mode                      ;       ;
;     -- normal mode                          ; 0     ;
;     -- arithmetic mode                      ; 0     ;
;     -- qfbk mode                            ; 0     ;
;     -- register cascade mode                ; 0     ;
;     -- synchronous clear/load mode          ; 0     ;
;     -- asynchronous clear/load mode         ; 0     ;
;                                             ;       ;
; Total registers                             ; 0     ;
; I/O pins                                    ; 65    ;
+---------------------------------------------+-------+


+------------------------------------------------------------------------------------------------------------------------------------------------------------------------------------------------------------------------------------+
; Analysis & Synthesis Resource Utilization by Entity                                                                                                                                                                                ;
+----------------------------+-------------+--------------+------------+------+--------------+--------------+-------------------+------------------+-----------------+------------+---------------------+-------------+--------------+
; Compilation Hierarchy Node ; Logic Cells ; LC Registers ; UFM Blocks ; Pins ; Virtual Pins ; LUT-Only LCs ; Register-Only LCs ; LUT/Register LCs ; Carry Chain LCs ; Packed LCs ; Full Hierarchy Name ; Entity Name ; Library Name ;
+----------------------------+-------------+--------------+------------+------+--------------+--------------+-------------------+------------------+-----------------+------------+---------------------+-------------+--------------+
; |DATAPATH                  ; 0 (0)       ; 0            ; 0          ; 65   ; 0            ; 0 (0)        ; 0 (0)             ; 0 (0)            ; 0 (0)           ; 0 (0)      ; |DATAPATH           ; DATAPATH    ; work         ;
+----------------------------+-------------+--------------+------------+------+--------------+--------------+-------------------+------------------+-----------------+------------+---------------------+-------------+--------------+
Note: For table entries with two numbers listed, the numbers in parentheses indicate the number of resources of the given type used by the specific entity alone. The numbers listed outside of parentheses indicate the total resources of the given type used by the specific entity and all of its sub-entities in the hierarchy.


+------------------------------------------------------+
; General Register Statistics                          ;
+----------------------------------------------+-------+
; Statistic                                    ; Value ;
+----------------------------------------------+-------+
; Total registers                              ; 0     ;
; Number of registers using Synchronous Clear  ; 0     ;
; Number of registers using Synchronous Load   ; 0     ;
; Number of registers using Asynchronous Clear ; 0     ;
; Number of registers using Asynchronous Load  ; 0     ;
; Number of registers using Clock Enable       ; 0     ;
; Number of registers using Preset             ; 0     ;
+----------------------------------------------+-------+


+---------------------------------------------------------------------------------------------------------------------------------------------------------+
; Port Connectivity Checks: "UC:p12"                                                                                                                      ;
+----------+--------+----------+--------------------------------------------------------------------------------------------------------------------------+
; Port     ; Type   ; Severity ; Details                                                                                                                  ;
+----------+--------+----------+--------------------------------------------------------------------------------------------------------------------------+
; memRead  ; Output ; Info     ; Connected to dangling logic. Logic that only feeds a dangling port will be removed.                                      ;
; aluOp    ; Output ; Warning  ; Output or bidir port (4 bits) is wider than the port expression (2 bits) it drives; bit(s) "aluOp[3..2]" have no fanouts ;
; memWrite ; Output ; Info     ; Connected to dangling logic. Logic that only feeds a dangling port will be removed.                                      ;
; jump     ; Output ; Warning  ; Declared by entity but not connected by instance. Logic that only feeds a dangling port will be removed.                 ;
+----------+--------+----------+--------------------------------------------------------------------------------------------------------------------------+


+--------------------------------------------------------------------------------------------------------------------------------------------------------------------------+
; Port Connectivity Checks: "ALUCONTROL:p11"                                                                                                                               ;
+-------+-------+----------+-----------------------------------------------------------------------------------------------------------------------------------------------+
; Port  ; Type  ; Severity ; Details                                                                                                                                       ;
+-------+-------+----------+-----------------------------------------------------------------------------------------------------------------------------------------------+
; aluop ; Input ; Warning  ; Input port expression (2 bits) is smaller than the input port (4 bits) it drives.  Extra input bit(s) "aluop[3..2]" will be connected to GND. ;
+-------+-------+----------+-----------------------------------------------------------------------------------------------------------------------------------------------+


+-------------------------------+
; Analysis & Synthesis Messages ;
+-------------------------------+
Info: *******************************************************************
Info: Running Quartus Prime Analysis & Synthesis
    Info: Version 18.0.0 Build 614 04/24/2018 SJ Lite Edition
    Info: Processing started: Wed May 13 13:59:44 2020
Info: Command: quartus_map --read_settings_files=on --write_settings_files=off DATAPATH -c DATAPATH
Warning (18236): Number of processors has not been specified which may cause overloading on shared machines.  Set the global assignment NUM_PARALLEL_PROCESSORS in your QSF to an appropriate value for best performance.
Info (20030): Parallel compilation is enabled and will use 2 of the 2 processors detected
Info (12021): Found 1 design units, including 1 entities, in source file uc_tb.v
    Info (12023): Found entity 1: UC_tb File: C:/Users/Gustavo/Datapath/DATAPATH/UC_tb.v Line: 2
Info (12021): Found 1 design units, including 1 entities, in source file uc.v
    Info (12023): Found entity 1: UC File: C:/Users/Gustavo/Datapath/DATAPATH/UC.v Line: 1
Info (12021): Found 1 design units, including 1 entities, in source file signext_tb.v
    Info (12023): Found entity 1: SIGNEXT_TB File: C:/Users/Gustavo/Datapath/DATAPATH/SIGNEXT_TB.v Line: 4
Info (12021): Found 1 design units, including 1 entities, in source file signext.v
    Info (12023): Found entity 1: SIGNEXT File: C:/Users/Gustavo/Datapath/DATAPATH/SIGNEXT.v Line: 1
Info (12021): Found 1 design units, including 1 entities, in source file shiftleft2_tb.v
    Info (12023): Found entity 1: SHIFTLEFT2_TB File: C:/Users/Gustavo/Datapath/DATAPATH/SHIFTLEFT2_TB.v Line: 2
Info (12021): Found 1 design units, including 1 entities, in source file shiftleft2.v
    Info (12023): Found entity 1: SHIFTLEFT2 File: C:/Users/Gustavo/Datapath/DATAPATH/SHIFTLEFT2.v Line: 1
Info (12021): Found 1 design units, including 1 entities, in source file registers.v
    Info (12023): Found entity 1: REGISTERS File: C:/Users/Gustavo/Datapath/DATAPATH/REGISTERS.v Line: 1
Info (12021): Found 1 design units, including 1 entities, in source file pc.v
    Info (12023): Found entity 1: PC File: C:/Users/Gustavo/Datapath/DATAPATH/PC.v Line: 2
Info (12021): Found 1 design units, including 1 entities, in source file mux5.v
    Info (12023): Found entity 1: MUX5 File: C:/Users/Gustavo/Datapath/DATAPATH/MUX5.v Line: 1
Info (12021): Found 1 design units, including 1 entities, in source file mux3.v
    Info (12023): Found entity 1: MUX3 File: C:/Users/Gustavo/Datapath/DATAPATH/MUX3.v Line: 1
Info (12021): Found 1 design units, including 1 entities, in source file mux2.v
    Info (12023): Found entity 1: MUX2 File: C:/Users/Gustavo/Datapath/DATAPATH/MUX2.v Line: 1
Info (12021): Found 1 design units, including 1 entities, in source file mux1.v
    Info (12023): Found entity 1: MUX1 File: C:/Users/Gustavo/Datapath/DATAPATH/MUX1.v Line: 1
Info (12021): Found 1 design units, including 1 entities, in source file inst_mem.v
    Info (12023): Found entity 1: INST_MEM File: C:/Users/Gustavo/Datapath/DATAPATH/INST_MEM.v Line: 2
Info (12021): Found 1 design units, including 1 entities, in source file datapath_tb.v
    Info (12023): Found entity 1: DATAPATH_TB File: C:/Users/Gustavo/Datapath/DATAPATH/DATAPATH_TB.v Line: 4
Info (12021): Found 1 design units, including 1 entities, in source file datapath.v
    Info (12023): Found entity 1: DATAPATH File: C:/Users/Gustavo/Datapath/DATAPATH/DATAPATH.v Line: 1
Info (12021): Found 1 design units, including 1 entities, in source file cand.v
    Info (12023): Found entity 1: CAND File: C:/Users/Gustavo/Datapath/DATAPATH/CAND.v Line: 1
Info (12021): Found 1 design units, including 1 entities, in source file alucontrol_tb.v
    Info (12023): Found entity 1: ALUCONTROL_tb File: C:/Users/Gustavo/Datapath/DATAPATH/ALUCONTROL_tb.v Line: 2
Info (12021): Found 1 design units, including 1 entities, in source file alucontrol.v
    Info (12023): Found entity 1: ALUCONTROL File: C:/Users/Gustavo/Datapath/DATAPATH/ALUCONTROL.v Line: 1
Info (12021): Found 1 design units, including 1 entities, in source file alu.v
    Info (12023): Found entity 1: ALU File: C:/Users/Gustavo/Datapath/DATAPATH/ALU.v Line: 1
Info (12021): Found 1 design units, including 1 entities, in source file adder_tb.v
    Info (12023): Found entity 1: ADDER_TB File: C:/Users/Gustavo/Datapath/DATAPATH/ADDER_TB.v Line: 2
Info (12021): Found 1 design units, including 1 entities, in source file adder.v
    Info (12023): Found entity 1: ADDER File: C:/Users/Gustavo/Datapath/DATAPATH/ADDER.v Line: 1
Info (12021): Found 1 design units, including 1 entities, in source file add.v
    Info (12023): Found entity 1: ADD File: C:/Users/Gustavo/Datapath/DATAPATH/ADD.v Line: 1
Info (12021): Found 1 design units, including 1 entities, in source file datamemory.v
    Info (12023): Found entity 1: DATAMEMORY File: C:/Users/Gustavo/Datapath/DATAPATH/DATAMEMORY.v Line: 1
Info (12021): Found 1 design units, including 1 entities, in source file datamemory_tb.v
    Info (12023): Found entity 1: DATAMEMORY_TB File: C:/Users/Gustavo/Datapath/DATAPATH/DATAMEMORY_TB.v Line: 2
Warning (10236): Verilog HDL Implicit Net warning at DATAPATH.v(35): created implicit net for "zf" File: C:/Users/Gustavo/Datapath/DATAPATH/DATAPATH.v Line: 35
Info (12127): Elaborating entity "DATAPATH" for the top level hierarchy
Info (12128): Elaborating entity "PC" for hierarchy "PC:p1" File: C:/Users/Gustavo/Datapath/DATAPATH/DATAPATH.v Line: 32
Info (12128): Elaborating entity "ADD" for hierarchy "ADD:p2" File: C:/Users/Gustavo/Datapath/DATAPATH/DATAPATH.v Line: 33
Info (12128): Elaborating entity "INST_MEM" for hierarchy "INST_MEM:p3" File: C:/Users/Gustavo/Datapath/DATAPATH/DATAPATH.v Line: 34
Warning (10858): Verilog HDL warning at inst_mem.v(6): object MR used but never assigned File: C:/Users/Gustavo/Datapath/DATAPATH/inst_mem.v Line: 6
Warning (10030): Net "MR" at inst_mem.v(6) has no driver or initial value, using a default initial value '0' File: C:/Users/Gustavo/Datapath/DATAPATH/inst_mem.v Line: 6
Info (12128): Elaborating entity "CAND" for hierarchy "CAND:p4" File: C:/Users/Gustavo/Datapath/DATAPATH/DATAPATH.v Line: 35
Info (12128): Elaborating entity "MUX5" for hierarchy "MUX5:p5" File: C:/Users/Gustavo/Datapath/DATAPATH/DATAPATH.v Line: 37
Info (12128): Elaborating entity "MUX1" for hierarchy "MUX1:p6" File: C:/Users/Gustavo/Datapath/DATAPATH/DATAPATH.v Line: 39
Info (12128): Elaborating entity "REGISTERS" for hierarchy "REGISTERS:p7" File: C:/Users/Gustavo/Datapath/DATAPATH/DATAPATH.v Line: 40
Warning (10235): Verilog HDL Always Construct warning at registers.v(13): variable "enable" is read inside the Always Construct but isn't in the Always Construct's Event Control File: C:/Users/Gustavo/Datapath/DATAPATH/registers.v Line: 13
Warning (10235): Verilog HDL Always Construct warning at registers.v(15): variable "wd" is read inside the Always Construct but isn't in the Always Construct's Event Control File: C:/Users/Gustavo/Datapath/DATAPATH/registers.v Line: 15
Warning (10235): Verilog HDL Always Construct warning at registers.v(15): variable "wr" is read inside the Always Construct but isn't in the Always Construct's Event Control File: C:/Users/Gustavo/Datapath/DATAPATH/registers.v Line: 15
Warning (10235): Verilog HDL Always Construct warning at registers.v(17): variable "rr2" is read inside the Always Construct but isn't in the Always Construct's Event Control File: C:/Users/Gustavo/Datapath/DATAPATH/registers.v Line: 17
Warning (10235): Verilog HDL Always Construct warning at registers.v(22): variable "rr2" is read inside the Always Construct but isn't in the Always Construct's Event Control File: C:/Users/Gustavo/Datapath/DATAPATH/registers.v Line: 22
Info (12128): Elaborating entity "MUX2" for hierarchy "MUX2:p8" File: C:/Users/Gustavo/Datapath/DATAPATH/DATAPATH.v Line: 41
Info (12128): Elaborating entity "ALU" for hierarchy "ALU:p9" File: C:/Users/Gustavo/Datapath/DATAPATH/DATAPATH.v Line: 42
Info (12128): Elaborating entity "SIGNEXT" for hierarchy "SIGNEXT:p10" File: C:/Users/Gustavo/Datapath/DATAPATH/DATAPATH.v Line: 43
Info (12128): Elaborating entity "ALUCONTROL" for hierarchy "ALUCONTROL:p11" File: C:/Users/Gustavo/Datapath/DATAPATH/DATAPATH.v Line: 44
Info (12128): Elaborating entity "UC" for hierarchy "UC:p12" File: C:/Users/Gustavo/Datapath/DATAPATH/DATAPATH.v Line: 45
Warning (10270): Verilog HDL Case Statement warning at UC.v(16): incomplete case statement has no default case item File: C:/Users/Gustavo/Datapath/DATAPATH/UC.v Line: 16
Warning (10240): Verilog HDL Always Construct warning at UC.v(16): inferring latch(es) for variable "regDst", which holds its previous value in one or more paths through the always construct File: C:/Users/Gustavo/Datapath/DATAPATH/UC.v Line: 16
Warning (10240): Verilog HDL Always Construct warning at UC.v(16): inferring latch(es) for variable "aluSrc", which holds its previous value in one or more paths through the always construct File: C:/Users/Gustavo/Datapath/DATAPATH/UC.v Line: 16
Warning (10240): Verilog HDL Always Construct warning at UC.v(16): inferring latch(es) for variable "jump", which holds its previous value in one or more paths through the always construct File: C:/Users/Gustavo/Datapath/DATAPATH/UC.v Line: 16
Warning (10240): Verilog HDL Always Construct warning at UC.v(16): inferring latch(es) for variable "memtoReg", which holds its previous value in one or more paths through the always construct File: C:/Users/Gustavo/Datapath/DATAPATH/UC.v Line: 16
Warning (10240): Verilog HDL Always Construct warning at UC.v(16): inferring latch(es) for variable "regWrite", which holds its previous value in one or more paths through the always construct File: C:/Users/Gustavo/Datapath/DATAPATH/UC.v Line: 16
Warning (10240): Verilog HDL Always Construct warning at UC.v(16): inferring latch(es) for variable "memRead", which holds its previous value in one or more paths through the always construct File: C:/Users/Gustavo/Datapath/DATAPATH/UC.v Line: 16
Warning (10240): Verilog HDL Always Construct warning at UC.v(16): inferring latch(es) for variable "memWrite", which holds its previous value in one or more paths through the always construct File: C:/Users/Gustavo/Datapath/DATAPATH/UC.v Line: 16
Warning (10240): Verilog HDL Always Construct warning at UC.v(16): inferring latch(es) for variable "branch", which holds its previous value in one or more paths through the always construct File: C:/Users/Gustavo/Datapath/DATAPATH/UC.v Line: 16
Warning (10240): Verilog HDL Always Construct warning at UC.v(16): inferring latch(es) for variable "aluOp", which holds its previous value in one or more paths through the always construct File: C:/Users/Gustavo/Datapath/DATAPATH/UC.v Line: 16
Info (10041): Inferred latch for "aluOp[0]" at UC.v(16) File: C:/Users/Gustavo/Datapath/DATAPATH/UC.v Line: 16
Info (10041): Inferred latch for "aluOp[1]" at UC.v(16) File: C:/Users/Gustavo/Datapath/DATAPATH/UC.v Line: 16
Info (10041): Inferred latch for "aluOp[2]" at UC.v(16) File: C:/Users/Gustavo/Datapath/DATAPATH/UC.v Line: 16
Info (10041): Inferred latch for "aluOp[3]" at UC.v(16) File: C:/Users/Gustavo/Datapath/DATAPATH/UC.v Line: 16
Info (10041): Inferred latch for "branch" at UC.v(16) File: C:/Users/Gustavo/Datapath/DATAPATH/UC.v Line: 16
Info (10041): Inferred latch for "memWrite" at UC.v(16) File: C:/Users/Gustavo/Datapath/DATAPATH/UC.v Line: 16
Info (10041): Inferred latch for "memRead" at UC.v(16) File: C:/Users/Gustavo/Datapath/DATAPATH/UC.v Line: 16
Info (10041): Inferred latch for "regWrite" at UC.v(16) File: C:/Users/Gustavo/Datapath/DATAPATH/UC.v Line: 16
Info (10041): Inferred latch for "memtoReg" at UC.v(16) File: C:/Users/Gustavo/Datapath/DATAPATH/UC.v Line: 16
Info (10041): Inferred latch for "jump" at UC.v(16) File: C:/Users/Gustavo/Datapath/DATAPATH/UC.v Line: 16
Info (10041): Inferred latch for "aluSrc" at UC.v(16) File: C:/Users/Gustavo/Datapath/DATAPATH/UC.v Line: 16
Info (10041): Inferred latch for "regDst" at UC.v(16) File: C:/Users/Gustavo/Datapath/DATAPATH/UC.v Line: 16
Info (12128): Elaborating entity "MUX3" for hierarchy "MUX3:p13" File: C:/Users/Gustavo/Datapath/DATAPATH/DATAPATH.v Line: 46
Info (12128): Elaborating entity "SHIFTLEFT2" for hierarchy "SHIFTLEFT2:p14" File: C:/Users/Gustavo/Datapath/DATAPATH/DATAPATH.v Line: 47
Info (12128): Elaborating entity "ADDER" for hierarchy "ADDER:p15" File: C:/Users/Gustavo/Datapath/DATAPATH/DATAPATH.v Line: 48
Warning (12241): 2 hierarchies have connectivity warnings - see the Connectivity Checks report folder
Warning (13024): Output pins are stuck at VCC or GND
    Warning (13410): Pin "pru[0]" is stuck at GND File: C:/Users/Gustavo/Datapath/DATAPATH/DATAPATH.v Line: 5
    Warning (13410): Pin "pru[1]" is stuck at GND File: C:/Users/Gustavo/Datapath/DATAPATH/DATAPATH.v Line: 5
    Warning (13410): Pin "pru[2]" is stuck at GND File: C:/Users/Gustavo/Datapath/DATAPATH/DATAPATH.v Line: 5
    Warning (13410): Pin "pru[3]" is stuck at GND File: C:/Users/Gustavo/Datapath/DATAPATH/DATAPATH.v Line: 5
    Warning (13410): Pin "pru[4]" is stuck at GND File: C:/Users/Gustavo/Datapath/DATAPATH/DATAPATH.v Line: 5
    Warning (13410): Pin "pru[5]" is stuck at GND File: C:/Users/Gustavo/Datapath/DATAPATH/DATAPATH.v Line: 5
    Warning (13410): Pin "pru[6]" is stuck at GND File: C:/Users/Gustavo/Datapath/DATAPATH/DATAPATH.v Line: 5
    Warning (13410): Pin "pru[7]" is stuck at GND File: C:/Users/Gustavo/Datapath/DATAPATH/DATAPATH.v Line: 5
    Warning (13410): Pin "pru[8]" is stuck at GND File: C:/Users/Gustavo/Datapath/DATAPATH/DATAPATH.v Line: 5
    Warning (13410): Pin "pru[9]" is stuck at GND File: C:/Users/Gustavo/Datapath/DATAPATH/DATAPATH.v Line: 5
    Warning (13410): Pin "pru[10]" is stuck at GND File: C:/Users/Gustavo/Datapath/DATAPATH/DATAPATH.v Line: 5
    Warning (13410): Pin "pru[11]" is stuck at GND File: C:/Users/Gustavo/Datapath/DATAPATH/DATAPATH.v Line: 5
    Warning (13410): Pin "pru[12]" is stuck at GND File: C:/Users/Gustavo/Datapath/DATAPATH/DATAPATH.v Line: 5
    Warning (13410): Pin "pru[13]" is stuck at GND File: C:/Users/Gustavo/Datapath/DATAPATH/DATAPATH.v Line: 5
    Warning (13410): Pin "pru[14]" is stuck at GND File: C:/Users/Gustavo/Datapath/DATAPATH/DATAPATH.v Line: 5
    Warning (13410): Pin "pru[15]" is stuck at GND File: C:/Users/Gustavo/Datapath/DATAPATH/DATAPATH.v Line: 5
    Warning (13410): Pin "pru[16]" is stuck at GND File: C:/Users/Gustavo/Datapath/DATAPATH/DATAPATH.v Line: 5
    Warning (13410): Pin "pru[17]" is stuck at GND File: C:/Users/Gustavo/Datapath/DATAPATH/DATAPATH.v Line: 5
    Warning (13410): Pin "pru[18]" is stuck at GND File: C:/Users/Gustavo/Datapath/DATAPATH/DATAPATH.v Line: 5
    Warning (13410): Pin "pru[19]" is stuck at GND File: C:/Users/Gustavo/Datapath/DATAPATH/DATAPATH.v Line: 5
    Warning (13410): Pin "pru[20]" is stuck at GND File: C:/Users/Gustavo/Datapath/DATAPATH/DATAPATH.v Line: 5
    Warning (13410): Pin "pru[21]" is stuck at GND File: C:/Users/Gustavo/Datapath/DATAPATH/DATAPATH.v Line: 5
    Warning (13410): Pin "pru[22]" is stuck at GND File: C:/Users/Gustavo/Datapath/DATAPATH/DATAPATH.v Line: 5
    Warning (13410): Pin "pru[23]" is stuck at GND File: C:/Users/Gustavo/Datapath/DATAPATH/DATAPATH.v Line: 5
    Warning (13410): Pin "pru[24]" is stuck at GND File: C:/Users/Gustavo/Datapath/DATAPATH/DATAPATH.v Line: 5
    Warning (13410): Pin "pru[25]" is stuck at GND File: C:/Users/Gustavo/Datapath/DATAPATH/DATAPATH.v Line: 5
    Warning (13410): Pin "pru[26]" is stuck at GND File: C:/Users/Gustavo/Datapath/DATAPATH/DATAPATH.v Line: 5
    Warning (13410): Pin "pru[27]" is stuck at GND File: C:/Users/Gustavo/Datapath/DATAPATH/DATAPATH.v Line: 5
    Warning (13410): Pin "pru[28]" is stuck at GND File: C:/Users/Gustavo/Datapath/DATAPATH/DATAPATH.v Line: 5
    Warning (13410): Pin "pru[29]" is stuck at GND File: C:/Users/Gustavo/Datapath/DATAPATH/DATAPATH.v Line: 5
    Warning (13410): Pin "pru[30]" is stuck at GND File: C:/Users/Gustavo/Datapath/DATAPATH/DATAPATH.v Line: 5
    Warning (13410): Pin "pru[31]" is stuck at GND File: C:/Users/Gustavo/Datapath/DATAPATH/DATAPATH.v Line: 5
Warning (21074): Design contains 33 input pin(s) that do not drive logic
    Warning (15610): No output dependent on input pin "clk" File: C:/Users/Gustavo/Datapath/DATAPATH/DATAPATH.v Line: 2
    Warning (15610): No output dependent on input pin "md[0]" File: C:/Users/Gustavo/Datapath/DATAPATH/DATAPATH.v Line: 3
    Warning (15610): No output dependent on input pin "md[1]" File: C:/Users/Gustavo/Datapath/DATAPATH/DATAPATH.v Line: 3
    Warning (15610): No output dependent on input pin "md[2]" File: C:/Users/Gustavo/Datapath/DATAPATH/DATAPATH.v Line: 3
    Warning (15610): No output dependent on input pin "md[3]" File: C:/Users/Gustavo/Datapath/DATAPATH/DATAPATH.v Line: 3
    Warning (15610): No output dependent on input pin "md[4]" File: C:/Users/Gustavo/Datapath/DATAPATH/DATAPATH.v Line: 3
    Warning (15610): No output dependent on input pin "md[5]" File: C:/Users/Gustavo/Datapath/DATAPATH/DATAPATH.v Line: 3
    Warning (15610): No output dependent on input pin "md[6]" File: C:/Users/Gustavo/Datapath/DATAPATH/DATAPATH.v Line: 3
    Warning (15610): No output dependent on input pin "md[7]" File: C:/Users/Gustavo/Datapath/DATAPATH/DATAPATH.v Line: 3
    Warning (15610): No output dependent on input pin "md[8]" File: C:/Users/Gustavo/Datapath/DATAPATH/DATAPATH.v Line: 3
    Warning (15610): No output dependent on input pin "md[9]" File: C:/Users/Gustavo/Datapath/DATAPATH/DATAPATH.v Line: 3
    Warning (15610): No output dependent on input pin "md[10]" File: C:/Users/Gustavo/Datapath/DATAPATH/DATAPATH.v Line: 3
    Warning (15610): No output dependent on input pin "md[11]" File: C:/Users/Gustavo/Datapath/DATAPATH/DATAPATH.v Line: 3
    Warning (15610): No output dependent on input pin "md[12]" File: C:/Users/Gustavo/Datapath/DATAPATH/DATAPATH.v Line: 3
    Warning (15610): No output dependent on input pin "md[13]" File: C:/Users/Gustavo/Datapath/DATAPATH/DATAPATH.v Line: 3
    Warning (15610): No output dependent on input pin "md[14]" File: C:/Users/Gustavo/Datapath/DATAPATH/DATAPATH.v Line: 3
    Warning (15610): No output dependent on input pin "md[15]" File: C:/Users/Gustavo/Datapath/DATAPATH/DATAPATH.v Line: 3
    Warning (15610): No output dependent on input pin "md[16]" File: C:/Users/Gustavo/Datapath/DATAPATH/DATAPATH.v Line: 3
    Warning (15610): No output dependent on input pin "md[17]" File: C:/Users/Gustavo/Datapath/DATAPATH/DATAPATH.v Line: 3
    Warning (15610): No output dependent on input pin "md[18]" File: C:/Users/Gustavo/Datapath/DATAPATH/DATAPATH.v Line: 3
    Warning (15610): No output dependent on input pin "md[19]" File: C:/Users/Gustavo/Datapath/DATAPATH/DATAPATH.v Line: 3
    Warning (15610): No output dependent on input pin "md[20]" File: C:/Users/Gustavo/Datapath/DATAPATH/DATAPATH.v Line: 3
    Warning (15610): No output dependent on input pin "md[21]" File: C:/Users/Gustavo/Datapath/DATAPATH/DATAPATH.v Line: 3
    Warning (15610): No output dependent on input pin "md[22]" File: C:/Users/Gustavo/Datapath/DATAPATH/DATAPATH.v Line: 3
    Warning (15610): No output dependent on input pin "md[23]" File: C:/Users/Gustavo/Datapath/DATAPATH/DATAPATH.v Line: 3
    Warning (15610): No output dependent on input pin "md[24]" File: C:/Users/Gustavo/Datapath/DATAPATH/DATAPATH.v Line: 3
    Warning (15610): No output dependent on input pin "md[25]" File: C:/Users/Gustavo/Datapath/DATAPATH/DATAPATH.v Line: 3
    Warning (15610): No output dependent on input pin "md[26]" File: C:/Users/Gustavo/Datapath/DATAPATH/DATAPATH.v Line: 3
    Warning (15610): No output dependent on input pin "md[27]" File: C:/Users/Gustavo/Datapath/DATAPATH/DATAPATH.v Line: 3
    Warning (15610): No output dependent on input pin "md[28]" File: C:/Users/Gustavo/Datapath/DATAPATH/DATAPATH.v Line: 3
    Warning (15610): No output dependent on input pin "md[29]" File: C:/Users/Gustavo/Datapath/DATAPATH/DATAPATH.v Line: 3
    Warning (15610): No output dependent on input pin "md[30]" File: C:/Users/Gustavo/Datapath/DATAPATH/DATAPATH.v Line: 3
    Warning (15610): No output dependent on input pin "md[31]" File: C:/Users/Gustavo/Datapath/DATAPATH/DATAPATH.v Line: 3
Info (21057): Implemented 65 device resources after synthesis - the final resource count might be different
    Info (21058): Implemented 33 input pins
    Info (21059): Implemented 32 output pins
Info (144001): Generated suppressed messages file C:/Users/Gustavo/Datapath/DATAPATH/output_files/DATAPATH.map.smsg
Info: Quartus Prime Analysis & Synthesis was successful. 0 errors, 87 warnings
    Info: Peak virtual memory: 4713 megabytes
    Info: Processing ended: Wed May 13 14:00:00 2020
    Info: Elapsed time: 00:00:16
    Info: Total CPU time (on all processors): 00:00:31


+------------------------------------------+
; Analysis & Synthesis Suppressed Messages ;
+------------------------------------------+
The suppressed messages can be found in C:/Users/Gustavo/Datapath/DATAPATH/output_files/DATAPATH.map.smsg.


